[2026-03-28T07:07:13.535+0000] {local_task_job_runner.py:120} INFO - ::group::Pre task execution logs
[2026-03-28T07:07:13.556+0000] {taskinstance.py:2076} INFO - Dependencies all met for dep_context=non-requeueable deps ti=<TaskInstance: movie_ratings_pipeline.check_input scheduled__2026-03-26T08:00:00+00:00 [queued]>
[2026-03-28T07:07:13.561+0000] {taskinstance.py:2076} INFO - Dependencies all met for dep_context=requeueable deps ti=<TaskInstance: movie_ratings_pipeline.check_input scheduled__2026-03-26T08:00:00+00:00 [queued]>
[2026-03-28T07:07:13.562+0000] {taskinstance.py:2306} INFO - Starting attempt 1 of 2
[2026-03-28T07:07:13.571+0000] {taskinstance.py:2330} INFO - Executing <Task(PythonOperator): check_input> on 2026-03-26 08:00:00+00:00
[2026-03-28T07:07:13.575+0000] {standard_task_runner.py:63} INFO - Started process 184 to run task
[2026-03-28T07:07:13.577+0000] {standard_task_runner.py:90} INFO - Running: ['***', 'tasks', 'run', 'movie_ratings_pipeline', 'check_input', 'scheduled__2026-03-26T08:00:00+00:00', '--job-id', '2', '--raw', '--subdir', 'DAGS_FOLDER/pipeline_dag.py', '--cfg-path', '/tmp/tmphmfedlir']
[2026-03-28T07:07:13.579+0000] {standard_task_runner.py:91} INFO - Job 2: Subtask check_input
[2026-03-28T07:07:13.642+0000] {task_command.py:426} INFO - Running <TaskInstance: movie_ratings_pipeline.check_input scheduled__2026-03-26T08:00:00+00:00 [running]> on host 4dbec7919691
[2026-03-28T07:07:13.707+0000] {taskinstance.py:2648} INFO - Exporting env vars: AIRFLOW_CTX_DAG_OWNER='***' AIRFLOW_CTX_DAG_ID='movie_ratings_pipeline' AIRFLOW_CTX_TASK_ID='check_input' AIRFLOW_CTX_EXECUTION_DATE='2026-03-26T08:00:00+00:00' AIRFLOW_CTX_TRY_NUMBER='1' AIRFLOW_CTX_DAG_RUN_ID='scheduled__2026-03-26T08:00:00+00:00'
[2026-03-28T07:07:13.708+0000] {taskinstance.py:430} INFO - ::endgroup::
[2026-03-28T07:07:13.724+0000] {logging_mixin.py:188} INFO - [Check_Input] Loading '/opt/***/data/movie_ratings.csv' ...
[2026-03-28T07:07:13.731+0000] {logging_mixin.py:188} INFO -   Loaded 1,800 rows x 6 columns
[2026-03-28T07:07:13.732+0000] {logging_mixin.py:188} INFO -   Null rows found: 850
[2026-03-28T07:07:13.744+0000] {python.py:237} INFO - Done. Returned value was: None
[2026-03-28T07:07:13.745+0000] {taskinstance.py:441} INFO - ::group::Post task execution logs
[2026-03-28T07:07:13.752+0000] {taskinstance.py:1206} INFO - Marking task as SUCCESS. dag_id=movie_ratings_pipeline, task_id=check_input, run_id=scheduled__2026-03-26T08:00:00+00:00, execution_date=20260326T080000, start_date=20260328T070713, end_date=20260328T070713
[2026-03-28T07:07:13.790+0000] {local_task_job_runner.py:240} INFO - Task exited with return code 0
[2026-03-28T07:07:13.808+0000] {taskinstance.py:3498} INFO - 1 downstream tasks scheduled from follow-on schedule check
[2026-03-28T07:07:13.812+0000] {local_task_job_runner.py:222} INFO - ::endgroup::
[2026-03-28T07:11:41.617+0000] {local_task_job_runner.py:120} INFO - ::group::Pre task execution logs
[2026-03-28T07:11:41.640+0000] {taskinstance.py:2076} INFO - Dependencies all met for dep_context=non-requeueable deps ti=<TaskInstance: movie_ratings_pipeline.check_input scheduled__2026-03-26T08:00:00+00:00 [queued]>
[2026-03-28T07:11:41.645+0000] {taskinstance.py:2076} INFO - Dependencies all met for dep_context=requeueable deps ti=<TaskInstance: movie_ratings_pipeline.check_input scheduled__2026-03-26T08:00:00+00:00 [queued]>
[2026-03-28T07:11:41.646+0000] {taskinstance.py:2306} INFO - Starting attempt 1 of 2
[2026-03-28T07:11:41.655+0000] {taskinstance.py:2330} INFO - Executing <Task(PythonOperator): check_input> on 2026-03-26 08:00:00+00:00
[2026-03-28T07:11:41.660+0000] {standard_task_runner.py:63} INFO - Started process 184 to run task
[2026-03-28T07:11:41.663+0000] {standard_task_runner.py:90} INFO - Running: ['***', 'tasks', 'run', 'movie_ratings_pipeline', 'check_input', 'scheduled__2026-03-26T08:00:00+00:00', '--job-id', '2', '--raw', '--subdir', 'DAGS_FOLDER/pipeline_dag.py', '--cfg-path', '/tmp/tmpgjz59asn']
[2026-03-28T07:11:41.665+0000] {standard_task_runner.py:91} INFO - Job 2: Subtask check_input
[2026-03-28T07:11:41.724+0000] {task_command.py:426} INFO - Running <TaskInstance: movie_ratings_pipeline.check_input scheduled__2026-03-26T08:00:00+00:00 [running]> on host e95f35fcf722
[2026-03-28T07:11:41.798+0000] {taskinstance.py:2648} INFO - Exporting env vars: AIRFLOW_CTX_DAG_OWNER='***' AIRFLOW_CTX_DAG_ID='movie_ratings_pipeline' AIRFLOW_CTX_TASK_ID='check_input' AIRFLOW_CTX_EXECUTION_DATE='2026-03-26T08:00:00+00:00' AIRFLOW_CTX_TRY_NUMBER='1' AIRFLOW_CTX_DAG_RUN_ID='scheduled__2026-03-26T08:00:00+00:00'
[2026-03-28T07:11:41.799+0000] {taskinstance.py:430} INFO - ::endgroup::
[2026-03-28T07:11:41.822+0000] {logging_mixin.py:188} INFO - [Check_Input] Loading '/opt/***/data/movie_ratings.csv' ...
[2026-03-28T07:11:41.834+0000] {logging_mixin.py:188} INFO -   Loaded 1,800 rows x 6 columns
[2026-03-28T07:11:41.835+0000] {logging_mixin.py:188} INFO -   Null rows found: 850
[2026-03-28T07:11:41.850+0000] {python.py:237} INFO - Done. Returned value was: None
[2026-03-28T07:11:41.851+0000] {taskinstance.py:441} INFO - ::group::Post task execution logs
[2026-03-28T07:11:41.860+0000] {taskinstance.py:1206} INFO - Marking task as SUCCESS. dag_id=movie_ratings_pipeline, task_id=check_input, run_id=scheduled__2026-03-26T08:00:00+00:00, execution_date=20260326T080000, start_date=20260328T071141, end_date=20260328T071141
[2026-03-28T07:11:41.876+0000] {local_task_job_runner.py:240} INFO - Task exited with return code 0
[2026-03-28T07:11:41.897+0000] {taskinstance.py:3498} INFO - 1 downstream tasks scheduled from follow-on schedule check
[2026-03-28T07:11:41.900+0000] {local_task_job_runner.py:222} INFO - ::endgroup::
