[2026-03-28T07:12:45.037+0000] {local_task_job_runner.py:120} INFO - ::group::Pre task execution logs
[2026-03-28T07:12:45.070+0000] {taskinstance.py:2076} INFO - Dependencies all met for dep_context=non-requeueable deps ti=<TaskInstance: movie_ratings_pipeline.check_input manual__2026-03-28T07:12:43.973280+00:00 [queued]>
[2026-03-28T07:12:45.081+0000] {taskinstance.py:2076} INFO - Dependencies all met for dep_context=requeueable deps ti=<TaskInstance: movie_ratings_pipeline.check_input manual__2026-03-28T07:12:43.973280+00:00 [queued]>
[2026-03-28T07:12:45.085+0000] {taskinstance.py:2306} INFO - Starting attempt 1 of 2
[2026-03-28T07:12:45.100+0000] {taskinstance.py:2330} INFO - Executing <Task(PythonOperator): check_input> on 2026-03-28 07:12:43.973280+00:00
[2026-03-28T07:12:45.109+0000] {standard_task_runner.py:63} INFO - Started process 209 to run task
[2026-03-28T07:12:45.114+0000] {standard_task_runner.py:90} INFO - Running: ['***', 'tasks', 'run', 'movie_ratings_pipeline', 'check_input', 'manual__2026-03-28T07:12:43.973280+00:00', '--job-id', '5', '--raw', '--subdir', 'DAGS_FOLDER/pipeline_dag.py', '--cfg-path', '/tmp/tmpmu1q1one']
[2026-03-28T07:12:45.118+0000] {standard_task_runner.py:91} INFO - Job 5: Subtask check_input
[2026-03-28T07:12:45.220+0000] {task_command.py:426} INFO - Running <TaskInstance: movie_ratings_pipeline.check_input manual__2026-03-28T07:12:43.973280+00:00 [running]> on host e95f35fcf722
[2026-03-28T07:12:45.316+0000] {taskinstance.py:2648} INFO - Exporting env vars: AIRFLOW_CTX_DAG_OWNER='***' AIRFLOW_CTX_DAG_ID='movie_ratings_pipeline' AIRFLOW_CTX_TASK_ID='check_input' AIRFLOW_CTX_EXECUTION_DATE='2026-03-28T07:12:43.973280+00:00' AIRFLOW_CTX_TRY_NUMBER='1' AIRFLOW_CTX_DAG_RUN_ID='manual__2026-03-28T07:12:43.973280+00:00'
[2026-03-28T07:12:45.318+0000] {taskinstance.py:430} INFO - ::endgroup::
[2026-03-28T07:12:45.331+0000] {logging_mixin.py:188} INFO - [Check_Input] Loading '/opt/***/data/movie_ratings.csv' ...
[2026-03-28T07:12:45.343+0000] {logging_mixin.py:188} INFO -   Loaded 1,800 rows x 6 columns
[2026-03-28T07:12:45.345+0000] {logging_mixin.py:188} INFO -   Null rows found: 850
[2026-03-28T07:12:45.359+0000] {python.py:237} INFO - Done. Returned value was: None
[2026-03-28T07:12:45.360+0000] {taskinstance.py:441} INFO - ::group::Post task execution logs
[2026-03-28T07:12:45.369+0000] {taskinstance.py:1206} INFO - Marking task as SUCCESS. dag_id=movie_ratings_pipeline, task_id=check_input, run_id=manual__2026-03-28T07:12:43.973280+00:00, execution_date=20260328T071243, start_date=20260328T071245, end_date=20260328T071245
[2026-03-28T07:12:45.408+0000] {local_task_job_runner.py:240} INFO - Task exited with return code 0
[2026-03-28T07:12:45.426+0000] {taskinstance.py:3498} INFO - 1 downstream tasks scheduled from follow-on schedule check
[2026-03-28T07:12:45.428+0000] {local_task_job_runner.py:222} INFO - ::endgroup::
