[2026-03-28T08:02:35.117+0000] {local_task_job_runner.py:120} INFO - ::group::Pre task execution logs
[2026-03-28T08:02:35.139+0000] {taskinstance.py:2076} INFO - Dependencies all met for dep_context=non-requeueable deps ti=<TaskInstance: movie_ratings_pipeline.split_record manual__2026-03-28T08:02:31.682891+00:00 [queued]>
[2026-03-28T08:02:35.145+0000] {taskinstance.py:2076} INFO - Dependencies all met for dep_context=requeueable deps ti=<TaskInstance: movie_ratings_pipeline.split_record manual__2026-03-28T08:02:31.682891+00:00 [queued]>
[2026-03-28T08:02:35.147+0000] {taskinstance.py:2306} INFO - Starting attempt 1 of 2
[2026-03-28T08:02:35.156+0000] {taskinstance.py:2330} INFO - Executing <Task(PythonOperator): split_record> on 2026-03-28 08:02:31.682891+00:00
[2026-03-28T08:02:35.161+0000] {standard_task_runner.py:63} INFO - Started process 882 to run task
[2026-03-28T08:02:35.163+0000] {standard_task_runner.py:90} INFO - Running: ['***', 'tasks', 'run', 'movie_ratings_pipeline', 'split_record', 'manual__2026-03-28T08:02:31.682891+00:00', '--job-id', '25', '--raw', '--subdir', 'DAGS_FOLDER/pipeline_dag.py', '--cfg-path', '/tmp/tmpxeldi4ef']
[2026-03-28T08:02:35.165+0000] {standard_task_runner.py:91} INFO - Job 25: Subtask split_record
[2026-03-28T08:02:35.224+0000] {task_command.py:426} INFO - Running <TaskInstance: movie_ratings_pipeline.split_record manual__2026-03-28T08:02:31.682891+00:00 [running]> on host e95f35fcf722
[2026-03-28T08:02:35.312+0000] {taskinstance.py:2648} INFO - Exporting env vars: AIRFLOW_CTX_DAG_OWNER='***' AIRFLOW_CTX_DAG_ID='movie_ratings_pipeline' AIRFLOW_CTX_TASK_ID='split_record' AIRFLOW_CTX_EXECUTION_DATE='2026-03-28T08:02:31.682891+00:00' AIRFLOW_CTX_TRY_NUMBER='1' AIRFLOW_CTX_DAG_RUN_ID='manual__2026-03-28T08:02:31.682891+00:00'
[2026-03-28T08:02:35.313+0000] {taskinstance.py:430} INFO - ::endgroup::
[2026-03-28T08:02:35.337+0000] {logging_mixin.py:188} INFO - [Issue Found?] Yes  ->  850 row(s) contain null values
[2026-03-28T08:02:35.342+0000] {logging_mixin.py:188} INFO -   Clean rows : 950
[2026-03-28T08:02:35.342+0000] {logging_mixin.py:188} INFO -   Error rows : 850
[2026-03-28T08:02:35.399+0000] {logging_mixin.py:188} INFO -   Saved → /opt/***/output/clean.parquet  (950 rows)
[2026-03-28T08:02:35.423+0000] {logging_mixin.py:188} INFO -   Saved → /opt/***/output/errors.parquet  (850 rows)
[2026-03-28T08:02:35.424+0000] {python.py:237} INFO - Done. Returned value was: None
[2026-03-28T08:02:35.424+0000] {taskinstance.py:441} INFO - ::group::Post task execution logs
[2026-03-28T08:02:35.433+0000] {taskinstance.py:1206} INFO - Marking task as SUCCESS. dag_id=movie_ratings_pipeline, task_id=split_record, run_id=manual__2026-03-28T08:02:31.682891+00:00, execution_date=20260328T080231, start_date=20260328T080235, end_date=20260328T080235
[2026-03-28T08:02:35.457+0000] {local_task_job_runner.py:240} INFO - Task exited with return code 0
[2026-03-28T08:02:35.472+0000] {taskinstance.py:3498} INFO - 0 downstream tasks scheduled from follow-on schedule check
[2026-03-28T08:02:35.475+0000] {local_task_job_runner.py:222} INFO - ::endgroup::
