[2026-03-28T08:02:33.134+0000] {local_task_job_runner.py:120} INFO - ::group::Pre task execution logs
[2026-03-28T08:02:33.164+0000] {taskinstance.py:2076} INFO - Dependencies all met for dep_context=non-requeueable deps ti=<TaskInstance: movie_ratings_pipeline.check_input manual__2026-03-28T08:02:31.682891+00:00 [queued]>
[2026-03-28T08:02:33.171+0000] {taskinstance.py:2076} INFO - Dependencies all met for dep_context=requeueable deps ti=<TaskInstance: movie_ratings_pipeline.check_input manual__2026-03-28T08:02:31.682891+00:00 [queued]>
[2026-03-28T08:02:33.172+0000] {taskinstance.py:2306} INFO - Starting attempt 1 of 2
[2026-03-28T08:02:33.181+0000] {taskinstance.py:2330} INFO - Executing <Task(PythonOperator): check_input> on 2026-03-28 08:02:31.682891+00:00
[2026-03-28T08:02:33.186+0000] {standard_task_runner.py:63} INFO - Started process 876 to run task
[2026-03-28T08:02:33.189+0000] {standard_task_runner.py:90} INFO - Running: ['***', 'tasks', 'run', 'movie_ratings_pipeline', 'check_input', 'manual__2026-03-28T08:02:31.682891+00:00', '--job-id', '23', '--raw', '--subdir', 'DAGS_FOLDER/pipeline_dag.py', '--cfg-path', '/tmp/tmp1y5xrsj_']
[2026-03-28T08:02:33.191+0000] {standard_task_runner.py:91} INFO - Job 23: Subtask check_input
[2026-03-28T08:02:33.264+0000] {task_command.py:426} INFO - Running <TaskInstance: movie_ratings_pipeline.check_input manual__2026-03-28T08:02:31.682891+00:00 [running]> on host e95f35fcf722
[2026-03-28T08:02:33.346+0000] {taskinstance.py:2648} INFO - Exporting env vars: AIRFLOW_CTX_DAG_OWNER='***' AIRFLOW_CTX_DAG_ID='movie_ratings_pipeline' AIRFLOW_CTX_TASK_ID='check_input' AIRFLOW_CTX_EXECUTION_DATE='2026-03-28T08:02:31.682891+00:00' AIRFLOW_CTX_TRY_NUMBER='1' AIRFLOW_CTX_DAG_RUN_ID='manual__2026-03-28T08:02:31.682891+00:00'
[2026-03-28T08:02:33.348+0000] {taskinstance.py:430} INFO - ::endgroup::
[2026-03-28T08:02:33.364+0000] {logging_mixin.py:188} INFO - [Check_Input] Loading '/opt/***/data/movie_ratings.csv' ...
[2026-03-28T08:02:33.384+0000] {logging_mixin.py:188} INFO -   Loaded 1,800 rows x 6 columns
[2026-03-28T08:02:33.387+0000] {logging_mixin.py:188} INFO -   Null rows found: 850
[2026-03-28T08:02:33.401+0000] {python.py:237} INFO - Done. Returned value was: None
[2026-03-28T08:02:33.402+0000] {taskinstance.py:441} INFO - ::group::Post task execution logs
[2026-03-28T08:02:33.409+0000] {taskinstance.py:1206} INFO - Marking task as SUCCESS. dag_id=movie_ratings_pipeline, task_id=check_input, run_id=manual__2026-03-28T08:02:31.682891+00:00, execution_date=20260328T080231, start_date=20260328T080233, end_date=20260328T080233
[2026-03-28T08:02:33.443+0000] {local_task_job_runner.py:240} INFO - Task exited with return code 0
[2026-03-28T08:02:33.461+0000] {taskinstance.py:3498} INFO - 1 downstream tasks scheduled from follow-on schedule check
[2026-03-28T08:02:33.464+0000] {local_task_job_runner.py:222} INFO - ::endgroup::
