[2026-03-28T07:07:15.645+0000] {local_task_job_runner.py:120} INFO - ::group::Pre task execution logs
[2026-03-28T07:07:15.670+0000] {taskinstance.py:2076} INFO - Dependencies all met for dep_context=non-requeueable deps ti=<TaskInstance: movie_ratings_pipeline.split_record scheduled__2026-03-26T08:00:00+00:00 [queued]>
[2026-03-28T07:07:15.677+0000] {taskinstance.py:2076} INFO - Dependencies all met for dep_context=requeueable deps ti=<TaskInstance: movie_ratings_pipeline.split_record scheduled__2026-03-26T08:00:00+00:00 [queued]>
[2026-03-28T07:07:15.678+0000] {taskinstance.py:2306} INFO - Starting attempt 1 of 2
[2026-03-28T07:07:15.687+0000] {taskinstance.py:2330} INFO - Executing <Task(PythonOperator): split_record> on 2026-03-26 08:00:00+00:00
[2026-03-28T07:07:15.692+0000] {standard_task_runner.py:63} INFO - Started process 190 to run task
[2026-03-28T07:07:15.695+0000] {standard_task_runner.py:90} INFO - Running: ['***', 'tasks', 'run', 'movie_ratings_pipeline', 'split_record', 'scheduled__2026-03-26T08:00:00+00:00', '--job-id', '4', '--raw', '--subdir', 'DAGS_FOLDER/pipeline_dag.py', '--cfg-path', '/tmp/tmpz_weg_r8']
[2026-03-28T07:07:15.698+0000] {standard_task_runner.py:91} INFO - Job 4: Subtask split_record
[2026-03-28T07:07:15.760+0000] {task_command.py:426} INFO - Running <TaskInstance: movie_ratings_pipeline.split_record scheduled__2026-03-26T08:00:00+00:00 [running]> on host 4dbec7919691
[2026-03-28T07:07:15.840+0000] {taskinstance.py:2648} INFO - Exporting env vars: AIRFLOW_CTX_DAG_OWNER='***' AIRFLOW_CTX_DAG_ID='movie_ratings_pipeline' AIRFLOW_CTX_TASK_ID='split_record' AIRFLOW_CTX_EXECUTION_DATE='2026-03-26T08:00:00+00:00' AIRFLOW_CTX_TRY_NUMBER='1' AIRFLOW_CTX_DAG_RUN_ID='scheduled__2026-03-26T08:00:00+00:00'
[2026-03-28T07:07:15.841+0000] {taskinstance.py:430} INFO - ::endgroup::
[2026-03-28T07:07:15.862+0000] {logging_mixin.py:188} INFO - [Issue Found?] Yes  ->  850 row(s) contain null values
[2026-03-28T07:07:15.864+0000] {logging_mixin.py:188} INFO -   Clean rows : 950
[2026-03-28T07:07:15.865+0000] {logging_mixin.py:188} INFO -   Error rows : 850
[2026-03-28T07:07:15.911+0000] {logging_mixin.py:188} INFO -   Saved → /opt/***/output/clean.parquet  (950 rows)
[2026-03-28T07:07:15.951+0000] {logging_mixin.py:188} INFO -   Saved → /opt/***/output/errors.parquet  (850 rows)
[2026-03-28T07:07:15.952+0000] {python.py:237} INFO - Done. Returned value was: None
[2026-03-28T07:07:15.953+0000] {taskinstance.py:441} INFO - ::group::Post task execution logs
[2026-03-28T07:07:15.962+0000] {taskinstance.py:1206} INFO - Marking task as SUCCESS. dag_id=movie_ratings_pipeline, task_id=split_record, run_id=scheduled__2026-03-26T08:00:00+00:00, execution_date=20260326T080000, start_date=20260328T070715, end_date=20260328T070715
[2026-03-28T07:07:15.989+0000] {local_task_job_runner.py:240} INFO - Task exited with return code 0
[2026-03-28T07:07:16.002+0000] {taskinstance.py:3498} INFO - 0 downstream tasks scheduled from follow-on schedule check
[2026-03-28T07:07:16.005+0000] {local_task_job_runner.py:222} INFO - ::endgroup::
[2026-03-28T07:11:43.726+0000] {local_task_job_runner.py:120} INFO - ::group::Pre task execution logs
[2026-03-28T07:11:43.751+0000] {taskinstance.py:2076} INFO - Dependencies all met for dep_context=non-requeueable deps ti=<TaskInstance: movie_ratings_pipeline.split_record scheduled__2026-03-26T08:00:00+00:00 [queued]>
[2026-03-28T07:11:43.757+0000] {taskinstance.py:2076} INFO - Dependencies all met for dep_context=requeueable deps ti=<TaskInstance: movie_ratings_pipeline.split_record scheduled__2026-03-26T08:00:00+00:00 [queued]>
[2026-03-28T07:11:43.758+0000] {taskinstance.py:2306} INFO - Starting attempt 1 of 2
[2026-03-28T07:11:43.767+0000] {taskinstance.py:2330} INFO - Executing <Task(PythonOperator): split_record> on 2026-03-26 08:00:00+00:00
[2026-03-28T07:11:43.772+0000] {standard_task_runner.py:63} INFO - Started process 190 to run task
[2026-03-28T07:11:43.774+0000] {standard_task_runner.py:90} INFO - Running: ['***', 'tasks', 'run', 'movie_ratings_pipeline', 'split_record', 'scheduled__2026-03-26T08:00:00+00:00', '--job-id', '4', '--raw', '--subdir', 'DAGS_FOLDER/pipeline_dag.py', '--cfg-path', '/tmp/tmph6xvjlqy']
[2026-03-28T07:11:43.776+0000] {standard_task_runner.py:91} INFO - Job 4: Subtask split_record
[2026-03-28T07:11:43.821+0000] {task_command.py:426} INFO - Running <TaskInstance: movie_ratings_pipeline.split_record scheduled__2026-03-26T08:00:00+00:00 [running]> on host e95f35fcf722
[2026-03-28T07:11:43.882+0000] {taskinstance.py:2648} INFO - Exporting env vars: AIRFLOW_CTX_DAG_OWNER='***' AIRFLOW_CTX_DAG_ID='movie_ratings_pipeline' AIRFLOW_CTX_TASK_ID='split_record' AIRFLOW_CTX_EXECUTION_DATE='2026-03-26T08:00:00+00:00' AIRFLOW_CTX_TRY_NUMBER='1' AIRFLOW_CTX_DAG_RUN_ID='scheduled__2026-03-26T08:00:00+00:00'
[2026-03-28T07:11:43.883+0000] {taskinstance.py:430} INFO - ::endgroup::
[2026-03-28T07:11:43.902+0000] {logging_mixin.py:188} INFO - [Issue Found?] Yes  ->  850 row(s) contain null values
[2026-03-28T07:11:43.904+0000] {logging_mixin.py:188} INFO -   Clean rows : 950
[2026-03-28T07:11:43.904+0000] {logging_mixin.py:188} INFO -   Error rows : 850
[2026-03-28T07:11:43.954+0000] {logging_mixin.py:188} INFO -   Saved → /opt/***/output/clean.parquet  (950 rows)
[2026-03-28T07:11:43.969+0000] {logging_mixin.py:188} INFO -   Saved → /opt/***/output/errors.parquet  (850 rows)
[2026-03-28T07:11:43.969+0000] {python.py:237} INFO - Done. Returned value was: None
[2026-03-28T07:11:43.970+0000] {taskinstance.py:441} INFO - ::group::Post task execution logs
[2026-03-28T07:11:43.978+0000] {taskinstance.py:1206} INFO - Marking task as SUCCESS. dag_id=movie_ratings_pipeline, task_id=split_record, run_id=scheduled__2026-03-26T08:00:00+00:00, execution_date=20260326T080000, start_date=20260328T071143, end_date=20260328T071143
[2026-03-28T07:11:44.026+0000] {local_task_job_runner.py:240} INFO - Task exited with return code 0
[2026-03-28T07:11:44.038+0000] {taskinstance.py:3498} INFO - 0 downstream tasks scheduled from follow-on schedule check
[2026-03-28T07:11:44.040+0000] {local_task_job_runner.py:222} INFO - ::endgroup::
