[2026-03-28T07:07:10.855+0000] {processor.py:161} INFO - Started process (PID=176) to work on /opt/airflow/dags/pipeline_dag.py
[2026-03-28T07:07:10.856+0000] {processor.py:830} INFO - Processing file /opt/airflow/dags/pipeline_dag.py for tasks to queue
[2026-03-28T07:07:10.858+0000] {logging_mixin.py:188} INFO - [2026-03-28T07:07:10.857+0000] {dagbag.py:545} INFO - Filling up the DagBag from /opt/airflow/dags/pipeline_dag.py
[2026-03-28T07:07:11.954+0000] {processor.py:840} INFO - DAG(s) 'movie_ratings_pipeline' retrieved from /opt/airflow/dags/pipeline_dag.py
[2026-03-28T07:07:12.118+0000] {logging_mixin.py:188} INFO - [2026-03-28T07:07:12.118+0000] {override.py:1829} INFO - Created Permission View: can delete on DAG:movie_ratings_pipeline
[2026-03-28T07:07:12.126+0000] {logging_mixin.py:188} INFO - [2026-03-28T07:07:12.125+0000] {override.py:1829} INFO - Created Permission View: can read on DAG:movie_ratings_pipeline
[2026-03-28T07:07:12.133+0000] {logging_mixin.py:188} INFO - [2026-03-28T07:07:12.132+0000] {override.py:1829} INFO - Created Permission View: can edit on DAG:movie_ratings_pipeline
[2026-03-28T07:07:12.133+0000] {logging_mixin.py:188} INFO - [2026-03-28T07:07:12.133+0000] {dag.py:3096} INFO - Sync 1 DAGs
[2026-03-28T07:07:12.141+0000] {logging_mixin.py:188} INFO - [2026-03-28T07:07:12.141+0000] {dag.py:3118} INFO - Creating ORM DAG for movie_ratings_pipeline
[2026-03-28T07:07:12.149+0000] {logging_mixin.py:188} INFO - [2026-03-28T07:07:12.149+0000] {dag.py:3954} INFO - Setting next_dagrun for movie_ratings_pipeline to 2026-03-26 08:00:00+00:00, run_after=2026-03-27 08:00:00+00:00
[2026-03-28T07:07:12.166+0000] {processor.py:183} INFO - Processing /opt/airflow/dags/pipeline_dag.py took 1.316 seconds
[2026-03-28T07:07:42.356+0000] {processor.py:161} INFO - Started process (PID=195) to work on /opt/airflow/dags/pipeline_dag.py
[2026-03-28T07:07:42.358+0000] {processor.py:830} INFO - Processing file /opt/airflow/dags/pipeline_dag.py for tasks to queue
[2026-03-28T07:07:42.360+0000] {logging_mixin.py:188} INFO - [2026-03-28T07:07:42.360+0000] {dagbag.py:545} INFO - Filling up the DagBag from /opt/airflow/dags/pipeline_dag.py
[2026-03-28T07:07:42.732+0000] {processor.py:840} INFO - DAG(s) 'movie_ratings_pipeline' retrieved from /opt/airflow/dags/pipeline_dag.py
[2026-03-28T07:07:42.743+0000] {logging_mixin.py:188} INFO - [2026-03-28T07:07:42.742+0000] {dag.py:3096} INFO - Sync 1 DAGs
[2026-03-28T07:07:42.759+0000] {logging_mixin.py:188} INFO - [2026-03-28T07:07:42.759+0000] {dag.py:3954} INFO - Setting next_dagrun for movie_ratings_pipeline to 2026-03-27 08:00:00+00:00, run_after=2026-03-28 08:00:00+00:00
[2026-03-28T07:07:42.772+0000] {processor.py:183} INFO - Processing /opt/airflow/dags/pipeline_dag.py took 0.422 seconds
[2026-03-28T07:08:12.994+0000] {processor.py:161} INFO - Started process (PID=201) to work on /opt/airflow/dags/pipeline_dag.py
[2026-03-28T07:08:12.996+0000] {processor.py:830} INFO - Processing file /opt/airflow/dags/pipeline_dag.py for tasks to queue
[2026-03-28T07:08:12.997+0000] {logging_mixin.py:188} INFO - [2026-03-28T07:08:12.997+0000] {dagbag.py:545} INFO - Filling up the DagBag from /opt/airflow/dags/pipeline_dag.py
[2026-03-28T07:08:13.385+0000] {processor.py:840} INFO - DAG(s) 'movie_ratings_pipeline' retrieved from /opt/airflow/dags/pipeline_dag.py
[2026-03-28T07:08:13.397+0000] {logging_mixin.py:188} INFO - [2026-03-28T07:08:13.396+0000] {dag.py:3096} INFO - Sync 1 DAGs
[2026-03-28T07:08:13.414+0000] {logging_mixin.py:188} INFO - [2026-03-28T07:08:13.414+0000] {dag.py:3954} INFO - Setting next_dagrun for movie_ratings_pipeline to 2026-03-27 08:00:00+00:00, run_after=2026-03-28 08:00:00+00:00
[2026-03-28T07:08:13.435+0000] {processor.py:183} INFO - Processing /opt/airflow/dags/pipeline_dag.py took 0.446 seconds
[2026-03-28T07:08:43.710+0000] {processor.py:161} INFO - Started process (PID=207) to work on /opt/airflow/dags/pipeline_dag.py
[2026-03-28T07:08:43.712+0000] {processor.py:830} INFO - Processing file /opt/airflow/dags/pipeline_dag.py for tasks to queue
[2026-03-28T07:08:43.714+0000] {logging_mixin.py:188} INFO - [2026-03-28T07:08:43.713+0000] {dagbag.py:545} INFO - Filling up the DagBag from /opt/airflow/dags/pipeline_dag.py
[2026-03-28T07:08:44.085+0000] {processor.py:840} INFO - DAG(s) 'movie_ratings_pipeline' retrieved from /opt/airflow/dags/pipeline_dag.py
[2026-03-28T07:08:44.096+0000] {logging_mixin.py:188} INFO - [2026-03-28T07:08:44.095+0000] {dag.py:3096} INFO - Sync 1 DAGs
[2026-03-28T07:08:44.108+0000] {logging_mixin.py:188} INFO - [2026-03-28T07:08:44.108+0000] {dag.py:3954} INFO - Setting next_dagrun for movie_ratings_pipeline to 2026-03-27 08:00:00+00:00, run_after=2026-03-28 08:00:00+00:00
[2026-03-28T07:08:44.122+0000] {processor.py:183} INFO - Processing /opt/airflow/dags/pipeline_dag.py took 0.419 seconds
[2026-03-28T07:09:14.320+0000] {processor.py:161} INFO - Started process (PID=213) to work on /opt/airflow/dags/pipeline_dag.py
[2026-03-28T07:09:14.321+0000] {processor.py:830} INFO - Processing file /opt/airflow/dags/pipeline_dag.py for tasks to queue
[2026-03-28T07:09:14.323+0000] {logging_mixin.py:188} INFO - [2026-03-28T07:09:14.323+0000] {dagbag.py:545} INFO - Filling up the DagBag from /opt/airflow/dags/pipeline_dag.py
[2026-03-28T07:09:14.705+0000] {processor.py:840} INFO - DAG(s) 'movie_ratings_pipeline' retrieved from /opt/airflow/dags/pipeline_dag.py
[2026-03-28T07:09:14.715+0000] {logging_mixin.py:188} INFO - [2026-03-28T07:09:14.715+0000] {dag.py:3096} INFO - Sync 1 DAGs
[2026-03-28T07:09:14.730+0000] {logging_mixin.py:188} INFO - [2026-03-28T07:09:14.730+0000] {dag.py:3954} INFO - Setting next_dagrun for movie_ratings_pipeline to 2026-03-27 08:00:00+00:00, run_after=2026-03-28 08:00:00+00:00
[2026-03-28T07:09:14.743+0000] {processor.py:183} INFO - Processing /opt/airflow/dags/pipeline_dag.py took 0.428 seconds
[2026-03-28T07:09:45.065+0000] {processor.py:161} INFO - Started process (PID=219) to work on /opt/airflow/dags/pipeline_dag.py
[2026-03-28T07:09:45.068+0000] {processor.py:830} INFO - Processing file /opt/airflow/dags/pipeline_dag.py for tasks to queue
[2026-03-28T07:09:45.071+0000] {logging_mixin.py:188} INFO - [2026-03-28T07:09:45.070+0000] {dagbag.py:545} INFO - Filling up the DagBag from /opt/airflow/dags/pipeline_dag.py
[2026-03-28T07:09:45.460+0000] {processor.py:840} INFO - DAG(s) 'movie_ratings_pipeline' retrieved from /opt/airflow/dags/pipeline_dag.py
[2026-03-28T07:09:45.525+0000] {logging_mixin.py:188} INFO - [2026-03-28T07:09:45.525+0000] {dag.py:3096} INFO - Sync 1 DAGs
[2026-03-28T07:09:45.537+0000] {logging_mixin.py:188} INFO - [2026-03-28T07:09:45.537+0000] {dag.py:3954} INFO - Setting next_dagrun for movie_ratings_pipeline to 2026-03-27 08:00:00+00:00, run_after=2026-03-28 08:00:00+00:00
[2026-03-28T07:09:45.560+0000] {processor.py:183} INFO - Processing /opt/airflow/dags/pipeline_dag.py took 0.500 seconds
[2026-03-28T07:10:16.001+0000] {processor.py:161} INFO - Started process (PID=225) to work on /opt/airflow/dags/pipeline_dag.py
[2026-03-28T07:10:16.004+0000] {processor.py:830} INFO - Processing file /opt/airflow/dags/pipeline_dag.py for tasks to queue
[2026-03-28T07:10:16.007+0000] {logging_mixin.py:188} INFO - [2026-03-28T07:10:16.006+0000] {dagbag.py:545} INFO - Filling up the DagBag from /opt/airflow/dags/pipeline_dag.py
[2026-03-28T07:10:16.475+0000] {processor.py:840} INFO - DAG(s) 'movie_ratings_pipeline' retrieved from /opt/airflow/dags/pipeline_dag.py
[2026-03-28T07:10:16.486+0000] {logging_mixin.py:188} INFO - [2026-03-28T07:10:16.486+0000] {dag.py:3096} INFO - Sync 1 DAGs
[2026-03-28T07:10:16.501+0000] {logging_mixin.py:188} INFO - [2026-03-28T07:10:16.501+0000] {dag.py:3954} INFO - Setting next_dagrun for movie_ratings_pipeline to 2026-03-27 08:00:00+00:00, run_after=2026-03-28 08:00:00+00:00
[2026-03-28T07:10:16.521+0000] {processor.py:183} INFO - Processing /opt/airflow/dags/pipeline_dag.py took 0.526 seconds
[2026-03-28T07:11:39.047+0000] {processor.py:161} INFO - Started process (PID=176) to work on /opt/airflow/dags/pipeline_dag.py
[2026-03-28T07:11:39.049+0000] {processor.py:830} INFO - Processing file /opt/airflow/dags/pipeline_dag.py for tasks to queue
[2026-03-28T07:11:39.052+0000] {logging_mixin.py:188} INFO - [2026-03-28T07:11:39.051+0000] {dagbag.py:545} INFO - Filling up the DagBag from /opt/airflow/dags/pipeline_dag.py
[2026-03-28T07:11:40.075+0000] {processor.py:840} INFO - DAG(s) 'movie_ratings_pipeline' retrieved from /opt/airflow/dags/pipeline_dag.py
[2026-03-28T07:11:40.294+0000] {logging_mixin.py:188} INFO - [2026-03-28T07:11:40.294+0000] {override.py:1829} INFO - Created Permission View: can delete on DAG:movie_ratings_pipeline
[2026-03-28T07:11:40.308+0000] {logging_mixin.py:188} INFO - [2026-03-28T07:11:40.307+0000] {override.py:1829} INFO - Created Permission View: can edit on DAG:movie_ratings_pipeline
[2026-03-28T07:11:40.315+0000] {logging_mixin.py:188} INFO - [2026-03-28T07:11:40.315+0000] {override.py:1829} INFO - Created Permission View: can read on DAG:movie_ratings_pipeline
[2026-03-28T07:11:40.316+0000] {logging_mixin.py:188} INFO - [2026-03-28T07:11:40.315+0000] {dag.py:3096} INFO - Sync 1 DAGs
[2026-03-28T07:11:40.323+0000] {logging_mixin.py:188} INFO - [2026-03-28T07:11:40.323+0000] {dag.py:3118} INFO - Creating ORM DAG for movie_ratings_pipeline
[2026-03-28T07:11:40.332+0000] {logging_mixin.py:188} INFO - [2026-03-28T07:11:40.332+0000] {dag.py:3954} INFO - Setting next_dagrun for movie_ratings_pipeline to 2026-03-26 08:00:00+00:00, run_after=2026-03-27 08:00:00+00:00
[2026-03-28T07:11:40.351+0000] {processor.py:183} INFO - Processing /opt/airflow/dags/pipeline_dag.py took 1.309 seconds
[2026-03-28T07:12:10.640+0000] {processor.py:161} INFO - Started process (PID=195) to work on /opt/airflow/dags/pipeline_dag.py
[2026-03-28T07:12:10.641+0000] {processor.py:830} INFO - Processing file /opt/airflow/dags/pipeline_dag.py for tasks to queue
[2026-03-28T07:12:10.643+0000] {logging_mixin.py:188} INFO - [2026-03-28T07:12:10.643+0000] {dagbag.py:545} INFO - Filling up the DagBag from /opt/airflow/dags/pipeline_dag.py
[2026-03-28T07:12:10.978+0000] {processor.py:840} INFO - DAG(s) 'movie_ratings_pipeline' retrieved from /opt/airflow/dags/pipeline_dag.py
[2026-03-28T07:12:10.995+0000] {logging_mixin.py:188} INFO - [2026-03-28T07:12:10.994+0000] {dag.py:3096} INFO - Sync 1 DAGs
[2026-03-28T07:12:11.011+0000] {logging_mixin.py:188} INFO - [2026-03-28T07:12:11.010+0000] {dag.py:3954} INFO - Setting next_dagrun for movie_ratings_pipeline to 2026-03-27 08:00:00+00:00, run_after=2026-03-28 08:00:00+00:00
[2026-03-28T07:12:11.023+0000] {processor.py:183} INFO - Processing /opt/airflow/dags/pipeline_dag.py took 0.389 seconds
[2026-03-28T07:12:41.292+0000] {processor.py:161} INFO - Started process (PID=201) to work on /opt/airflow/dags/pipeline_dag.py
[2026-03-28T07:12:41.293+0000] {processor.py:830} INFO - Processing file /opt/airflow/dags/pipeline_dag.py for tasks to queue
[2026-03-28T07:12:41.294+0000] {logging_mixin.py:188} INFO - [2026-03-28T07:12:41.294+0000] {dagbag.py:545} INFO - Filling up the DagBag from /opt/airflow/dags/pipeline_dag.py
[2026-03-28T07:12:41.620+0000] {processor.py:840} INFO - DAG(s) 'movie_ratings_pipeline' retrieved from /opt/airflow/dags/pipeline_dag.py
[2026-03-28T07:12:41.636+0000] {logging_mixin.py:188} INFO - [2026-03-28T07:12:41.636+0000] {dag.py:3096} INFO - Sync 1 DAGs
[2026-03-28T07:12:41.648+0000] {logging_mixin.py:188} INFO - [2026-03-28T07:12:41.648+0000] {dag.py:3954} INFO - Setting next_dagrun for movie_ratings_pipeline to 2026-03-27 08:00:00+00:00, run_after=2026-03-28 08:00:00+00:00
[2026-03-28T07:12:41.660+0000] {processor.py:183} INFO - Processing /opt/airflow/dags/pipeline_dag.py took 0.374 seconds
[2026-03-28T07:13:11.927+0000] {processor.py:161} INFO - Started process (PID=233) to work on /opt/airflow/dags/pipeline_dag.py
[2026-03-28T07:13:11.931+0000] {processor.py:830} INFO - Processing file /opt/airflow/dags/pipeline_dag.py for tasks to queue
[2026-03-28T07:13:11.934+0000] {logging_mixin.py:188} INFO - [2026-03-28T07:13:11.934+0000] {dagbag.py:545} INFO - Filling up the DagBag from /opt/airflow/dags/pipeline_dag.py
[2026-03-28T07:13:12.253+0000] {processor.py:840} INFO - DAG(s) 'movie_ratings_pipeline' retrieved from /opt/airflow/dags/pipeline_dag.py
[2026-03-28T07:13:12.269+0000] {logging_mixin.py:188} INFO - [2026-03-28T07:13:12.269+0000] {dag.py:3096} INFO - Sync 1 DAGs
[2026-03-28T07:13:12.281+0000] {logging_mixin.py:188} INFO - [2026-03-28T07:13:12.281+0000] {dag.py:3954} INFO - Setting next_dagrun for movie_ratings_pipeline to 2026-03-27 08:00:00+00:00, run_after=2026-03-28 08:00:00+00:00
[2026-03-28T07:13:12.295+0000] {processor.py:183} INFO - Processing /opt/airflow/dags/pipeline_dag.py took 0.374 seconds
[2026-03-28T07:13:42.625+0000] {processor.py:161} INFO - Started process (PID=239) to work on /opt/airflow/dags/pipeline_dag.py
[2026-03-28T07:13:42.627+0000] {processor.py:830} INFO - Processing file /opt/airflow/dags/pipeline_dag.py for tasks to queue
[2026-03-28T07:13:42.629+0000] {logging_mixin.py:188} INFO - [2026-03-28T07:13:42.628+0000] {dagbag.py:545} INFO - Filling up the DagBag from /opt/airflow/dags/pipeline_dag.py
[2026-03-28T07:13:42.979+0000] {processor.py:840} INFO - DAG(s) 'movie_ratings_pipeline' retrieved from /opt/airflow/dags/pipeline_dag.py
[2026-03-28T07:13:42.998+0000] {logging_mixin.py:188} INFO - [2026-03-28T07:13:42.997+0000] {dag.py:3096} INFO - Sync 1 DAGs
[2026-03-28T07:13:43.014+0000] {logging_mixin.py:188} INFO - [2026-03-28T07:13:43.014+0000] {dag.py:3954} INFO - Setting next_dagrun for movie_ratings_pipeline to 2026-03-27 08:00:00+00:00, run_after=2026-03-28 08:00:00+00:00
[2026-03-28T07:13:43.032+0000] {processor.py:183} INFO - Processing /opt/airflow/dags/pipeline_dag.py took 0.412 seconds
[2026-03-28T07:14:13.302+0000] {processor.py:161} INFO - Started process (PID=258) to work on /opt/airflow/dags/pipeline_dag.py
[2026-03-28T07:14:13.303+0000] {processor.py:830} INFO - Processing file /opt/airflow/dags/pipeline_dag.py for tasks to queue
[2026-03-28T07:14:13.307+0000] {logging_mixin.py:188} INFO - [2026-03-28T07:14:13.307+0000] {dagbag.py:545} INFO - Filling up the DagBag from /opt/airflow/dags/pipeline_dag.py
[2026-03-28T07:14:13.770+0000] {processor.py:840} INFO - DAG(s) 'movie_ratings_pipeline' retrieved from /opt/airflow/dags/pipeline_dag.py
[2026-03-28T07:14:13.791+0000] {logging_mixin.py:188} INFO - [2026-03-28T07:14:13.790+0000] {dag.py:3096} INFO - Sync 1 DAGs
[2026-03-28T07:14:13.806+0000] {logging_mixin.py:188} INFO - [2026-03-28T07:14:13.806+0000] {dag.py:3954} INFO - Setting next_dagrun for movie_ratings_pipeline to 2026-03-27 08:00:00+00:00, run_after=2026-03-28 08:00:00+00:00
[2026-03-28T07:14:13.824+0000] {processor.py:183} INFO - Processing /opt/airflow/dags/pipeline_dag.py took 0.528 seconds
[2026-03-28T07:14:44.125+0000] {processor.py:161} INFO - Started process (PID=277) to work on /opt/airflow/dags/pipeline_dag.py
[2026-03-28T07:14:44.126+0000] {processor.py:830} INFO - Processing file /opt/airflow/dags/pipeline_dag.py for tasks to queue
[2026-03-28T07:14:44.128+0000] {logging_mixin.py:188} INFO - [2026-03-28T07:14:44.127+0000] {dagbag.py:545} INFO - Filling up the DagBag from /opt/airflow/dags/pipeline_dag.py
[2026-03-28T07:14:44.456+0000] {processor.py:840} INFO - DAG(s) 'movie_ratings_pipeline' retrieved from /opt/airflow/dags/pipeline_dag.py
[2026-03-28T07:14:44.475+0000] {logging_mixin.py:188} INFO - [2026-03-28T07:14:44.475+0000] {dag.py:3096} INFO - Sync 1 DAGs
[2026-03-28T07:14:44.489+0000] {logging_mixin.py:188} INFO - [2026-03-28T07:14:44.488+0000] {dag.py:3954} INFO - Setting next_dagrun for movie_ratings_pipeline to 2026-03-27 08:00:00+00:00, run_after=2026-03-28 08:00:00+00:00
[2026-03-28T07:14:44.501+0000] {processor.py:183} INFO - Processing /opt/airflow/dags/pipeline_dag.py took 0.380 seconds
[2026-03-28T07:15:14.844+0000] {processor.py:161} INFO - Started process (PID=283) to work on /opt/airflow/dags/pipeline_dag.py
[2026-03-28T07:15:14.845+0000] {processor.py:830} INFO - Processing file /opt/airflow/dags/pipeline_dag.py for tasks to queue
[2026-03-28T07:15:14.847+0000] {logging_mixin.py:188} INFO - [2026-03-28T07:15:14.847+0000] {dagbag.py:545} INFO - Filling up the DagBag from /opt/airflow/dags/pipeline_dag.py
[2026-03-28T07:15:15.241+0000] {processor.py:840} INFO - DAG(s) 'movie_ratings_pipeline' retrieved from /opt/airflow/dags/pipeline_dag.py
[2026-03-28T07:15:15.269+0000] {logging_mixin.py:188} INFO - [2026-03-28T07:15:15.269+0000] {dag.py:3096} INFO - Sync 1 DAGs
[2026-03-28T07:15:15.289+0000] {logging_mixin.py:188} INFO - [2026-03-28T07:15:15.288+0000] {dag.py:3954} INFO - Setting next_dagrun for movie_ratings_pipeline to 2026-03-27 08:00:00+00:00, run_after=2026-03-28 08:00:00+00:00
[2026-03-28T07:15:15.322+0000] {processor.py:183} INFO - Processing /opt/airflow/dags/pipeline_dag.py took 0.483 seconds
[2026-03-28T07:15:45.758+0000] {processor.py:161} INFO - Started process (PID=289) to work on /opt/airflow/dags/pipeline_dag.py
[2026-03-28T07:15:45.760+0000] {processor.py:830} INFO - Processing file /opt/airflow/dags/pipeline_dag.py for tasks to queue
[2026-03-28T07:15:45.762+0000] {logging_mixin.py:188} INFO - [2026-03-28T07:15:45.761+0000] {dagbag.py:545} INFO - Filling up the DagBag from /opt/airflow/dags/pipeline_dag.py
[2026-03-28T07:15:46.014+0000] {processor.py:840} INFO - DAG(s) 'movie_ratings_pipeline' retrieved from /opt/airflow/dags/pipeline_dag.py
[2026-03-28T07:15:46.039+0000] {logging_mixin.py:188} INFO - [2026-03-28T07:15:46.039+0000] {dag.py:3096} INFO - Sync 1 DAGs
[2026-03-28T07:15:46.059+0000] {logging_mixin.py:188} INFO - [2026-03-28T07:15:46.059+0000] {dag.py:3954} INFO - Setting next_dagrun for movie_ratings_pipeline to 2026-03-27 08:00:00+00:00, run_after=2026-03-28 08:00:00+00:00
[2026-03-28T07:15:46.076+0000] {processor.py:183} INFO - Processing /opt/airflow/dags/pipeline_dag.py took 0.325 seconds
[2026-03-28T07:16:16.317+0000] {processor.py:161} INFO - Started process (PID=295) to work on /opt/airflow/dags/pipeline_dag.py
[2026-03-28T07:16:16.318+0000] {processor.py:830} INFO - Processing file /opt/airflow/dags/pipeline_dag.py for tasks to queue
[2026-03-28T07:16:16.320+0000] {logging_mixin.py:188} INFO - [2026-03-28T07:16:16.320+0000] {dagbag.py:545} INFO - Filling up the DagBag from /opt/airflow/dags/pipeline_dag.py
[2026-03-28T07:16:16.530+0000] {processor.py:840} INFO - DAG(s) 'movie_ratings_pipeline' retrieved from /opt/airflow/dags/pipeline_dag.py
[2026-03-28T07:16:16.548+0000] {logging_mixin.py:188} INFO - [2026-03-28T07:16:16.548+0000] {dag.py:3096} INFO - Sync 1 DAGs
[2026-03-28T07:16:16.563+0000] {logging_mixin.py:188} INFO - [2026-03-28T07:16:16.562+0000] {dag.py:3954} INFO - Setting next_dagrun for movie_ratings_pipeline to 2026-03-27 08:00:00+00:00, run_after=2026-03-28 08:00:00+00:00
[2026-03-28T07:16:16.575+0000] {processor.py:183} INFO - Processing /opt/airflow/dags/pipeline_dag.py took 0.263 seconds
[2026-03-28T07:16:46.906+0000] {processor.py:161} INFO - Started process (PID=301) to work on /opt/airflow/dags/pipeline_dag.py
[2026-03-28T07:16:46.907+0000] {processor.py:830} INFO - Processing file /opt/airflow/dags/pipeline_dag.py for tasks to queue
[2026-03-28T07:16:46.909+0000] {logging_mixin.py:188} INFO - [2026-03-28T07:16:46.909+0000] {dagbag.py:545} INFO - Filling up the DagBag from /opt/airflow/dags/pipeline_dag.py
[2026-03-28T07:16:47.105+0000] {processor.py:840} INFO - DAG(s) 'movie_ratings_pipeline' retrieved from /opt/airflow/dags/pipeline_dag.py
[2026-03-28T07:16:47.124+0000] {logging_mixin.py:188} INFO - [2026-03-28T07:16:47.124+0000] {dag.py:3096} INFO - Sync 1 DAGs
[2026-03-28T07:16:47.138+0000] {logging_mixin.py:188} INFO - [2026-03-28T07:16:47.138+0000] {dag.py:3954} INFO - Setting next_dagrun for movie_ratings_pipeline to 2026-03-27 08:00:00+00:00, run_after=2026-03-28 08:00:00+00:00
[2026-03-28T07:16:47.151+0000] {processor.py:183} INFO - Processing /opt/airflow/dags/pipeline_dag.py took 0.251 seconds
[2026-03-28T07:17:17.232+0000] {processor.py:161} INFO - Started process (PID=307) to work on /opt/airflow/dags/pipeline_dag.py
[2026-03-28T07:17:17.233+0000] {processor.py:830} INFO - Processing file /opt/airflow/dags/pipeline_dag.py for tasks to queue
[2026-03-28T07:17:17.236+0000] {logging_mixin.py:188} INFO - [2026-03-28T07:17:17.235+0000] {dagbag.py:545} INFO - Filling up the DagBag from /opt/airflow/dags/pipeline_dag.py
[2026-03-28T07:17:17.457+0000] {processor.py:840} INFO - DAG(s) 'movie_ratings_pipeline' retrieved from /opt/airflow/dags/pipeline_dag.py
[2026-03-28T07:17:17.476+0000] {logging_mixin.py:188} INFO - [2026-03-28T07:17:17.475+0000] {dag.py:3096} INFO - Sync 1 DAGs
[2026-03-28T07:17:17.490+0000] {logging_mixin.py:188} INFO - [2026-03-28T07:17:17.490+0000] {dag.py:3954} INFO - Setting next_dagrun for movie_ratings_pipeline to 2026-03-27 08:00:00+00:00, run_after=2026-03-28 08:00:00+00:00
[2026-03-28T07:17:17.504+0000] {processor.py:183} INFO - Processing /opt/airflow/dags/pipeline_dag.py took 0.278 seconds
[2026-03-28T07:17:47.841+0000] {processor.py:161} INFO - Started process (PID=313) to work on /opt/airflow/dags/pipeline_dag.py
[2026-03-28T07:17:47.842+0000] {processor.py:830} INFO - Processing file /opt/airflow/dags/pipeline_dag.py for tasks to queue
[2026-03-28T07:17:47.844+0000] {logging_mixin.py:188} INFO - [2026-03-28T07:17:47.843+0000] {dagbag.py:545} INFO - Filling up the DagBag from /opt/airflow/dags/pipeline_dag.py
[2026-03-28T07:17:48.044+0000] {processor.py:840} INFO - DAG(s) 'movie_ratings_pipeline' retrieved from /opt/airflow/dags/pipeline_dag.py
[2026-03-28T07:17:48.063+0000] {logging_mixin.py:188} INFO - [2026-03-28T07:17:48.063+0000] {dag.py:3096} INFO - Sync 1 DAGs
[2026-03-28T07:17:48.078+0000] {logging_mixin.py:188} INFO - [2026-03-28T07:17:48.078+0000] {dag.py:3954} INFO - Setting next_dagrun for movie_ratings_pipeline to 2026-03-27 08:00:00+00:00, run_after=2026-03-28 08:00:00+00:00
[2026-03-28T07:17:48.090+0000] {processor.py:183} INFO - Processing /opt/airflow/dags/pipeline_dag.py took 0.255 seconds
[2026-03-28T07:18:18.186+0000] {processor.py:161} INFO - Started process (PID=319) to work on /opt/airflow/dags/pipeline_dag.py
[2026-03-28T07:18:18.187+0000] {processor.py:830} INFO - Processing file /opt/airflow/dags/pipeline_dag.py for tasks to queue
[2026-03-28T07:18:18.188+0000] {logging_mixin.py:188} INFO - [2026-03-28T07:18:18.188+0000] {dagbag.py:545} INFO - Filling up the DagBag from /opt/airflow/dags/pipeline_dag.py
[2026-03-28T07:18:18.382+0000] {processor.py:840} INFO - DAG(s) 'movie_ratings_pipeline' retrieved from /opt/airflow/dags/pipeline_dag.py
[2026-03-28T07:18:18.403+0000] {logging_mixin.py:188} INFO - [2026-03-28T07:18:18.403+0000] {dag.py:3096} INFO - Sync 1 DAGs
[2026-03-28T07:18:18.418+0000] {logging_mixin.py:188} INFO - [2026-03-28T07:18:18.418+0000] {dag.py:3954} INFO - Setting next_dagrun for movie_ratings_pipeline to 2026-03-27 08:00:00+00:00, run_after=2026-03-28 08:00:00+00:00
[2026-03-28T07:18:18.431+0000] {processor.py:183} INFO - Processing /opt/airflow/dags/pipeline_dag.py took 0.250 seconds
[2026-03-28T07:18:48.753+0000] {processor.py:161} INFO - Started process (PID=325) to work on /opt/airflow/dags/pipeline_dag.py
[2026-03-28T07:18:48.754+0000] {processor.py:830} INFO - Processing file /opt/airflow/dags/pipeline_dag.py for tasks to queue
[2026-03-28T07:18:48.755+0000] {logging_mixin.py:188} INFO - [2026-03-28T07:18:48.755+0000] {dagbag.py:545} INFO - Filling up the DagBag from /opt/airflow/dags/pipeline_dag.py
[2026-03-28T07:18:48.957+0000] {processor.py:840} INFO - DAG(s) 'movie_ratings_pipeline' retrieved from /opt/airflow/dags/pipeline_dag.py
[2026-03-28T07:18:48.976+0000] {logging_mixin.py:188} INFO - [2026-03-28T07:18:48.976+0000] {dag.py:3096} INFO - Sync 1 DAGs
[2026-03-28T07:18:48.990+0000] {logging_mixin.py:188} INFO - [2026-03-28T07:18:48.990+0000] {dag.py:3954} INFO - Setting next_dagrun for movie_ratings_pipeline to 2026-03-27 08:00:00+00:00, run_after=2026-03-28 08:00:00+00:00
[2026-03-28T07:18:49.006+0000] {processor.py:183} INFO - Processing /opt/airflow/dags/pipeline_dag.py took 0.259 seconds
[2026-03-28T07:19:19.319+0000] {processor.py:161} INFO - Started process (PID=331) to work on /opt/airflow/dags/pipeline_dag.py
[2026-03-28T07:19:19.320+0000] {processor.py:830} INFO - Processing file /opt/airflow/dags/pipeline_dag.py for tasks to queue
[2026-03-28T07:19:19.322+0000] {logging_mixin.py:188} INFO - [2026-03-28T07:19:19.322+0000] {dagbag.py:545} INFO - Filling up the DagBag from /opt/airflow/dags/pipeline_dag.py
[2026-03-28T07:19:19.568+0000] {processor.py:840} INFO - DAG(s) 'movie_ratings_pipeline' retrieved from /opt/airflow/dags/pipeline_dag.py
[2026-03-28T07:19:19.592+0000] {logging_mixin.py:188} INFO - [2026-03-28T07:19:19.592+0000] {dag.py:3096} INFO - Sync 1 DAGs
[2026-03-28T07:19:19.609+0000] {logging_mixin.py:188} INFO - [2026-03-28T07:19:19.609+0000] {dag.py:3954} INFO - Setting next_dagrun for movie_ratings_pipeline to 2026-03-27 08:00:00+00:00, run_after=2026-03-28 08:00:00+00:00
[2026-03-28T07:19:19.625+0000] {processor.py:183} INFO - Processing /opt/airflow/dags/pipeline_dag.py took 0.311 seconds
[2026-03-28T07:19:49.986+0000] {processor.py:161} INFO - Started process (PID=337) to work on /opt/airflow/dags/pipeline_dag.py
[2026-03-28T07:19:49.987+0000] {processor.py:830} INFO - Processing file /opt/airflow/dags/pipeline_dag.py for tasks to queue
[2026-03-28T07:19:49.989+0000] {logging_mixin.py:188} INFO - [2026-03-28T07:19:49.988+0000] {dagbag.py:545} INFO - Filling up the DagBag from /opt/airflow/dags/pipeline_dag.py
[2026-03-28T07:19:50.196+0000] {processor.py:840} INFO - DAG(s) 'movie_ratings_pipeline' retrieved from /opt/airflow/dags/pipeline_dag.py
[2026-03-28T07:19:50.216+0000] {logging_mixin.py:188} INFO - [2026-03-28T07:19:50.216+0000] {dag.py:3096} INFO - Sync 1 DAGs
[2026-03-28T07:19:50.232+0000] {logging_mixin.py:188} INFO - [2026-03-28T07:19:50.231+0000] {dag.py:3954} INFO - Setting next_dagrun for movie_ratings_pipeline to 2026-03-27 08:00:00+00:00, run_after=2026-03-28 08:00:00+00:00
[2026-03-28T07:19:50.245+0000] {processor.py:183} INFO - Processing /opt/airflow/dags/pipeline_dag.py took 0.262 seconds
[2026-03-28T07:20:20.283+0000] {processor.py:161} INFO - Started process (PID=343) to work on /opt/airflow/dags/pipeline_dag.py
[2026-03-28T07:20:20.284+0000] {processor.py:830} INFO - Processing file /opt/airflow/dags/pipeline_dag.py for tasks to queue
[2026-03-28T07:20:20.285+0000] {logging_mixin.py:188} INFO - [2026-03-28T07:20:20.285+0000] {dagbag.py:545} INFO - Filling up the DagBag from /opt/airflow/dags/pipeline_dag.py
[2026-03-28T07:20:20.477+0000] {processor.py:840} INFO - DAG(s) 'movie_ratings_pipeline' retrieved from /opt/airflow/dags/pipeline_dag.py
[2026-03-28T07:20:20.498+0000] {logging_mixin.py:188} INFO - [2026-03-28T07:20:20.498+0000] {dag.py:3096} INFO - Sync 1 DAGs
[2026-03-28T07:20:20.515+0000] {logging_mixin.py:188} INFO - [2026-03-28T07:20:20.514+0000] {dag.py:3954} INFO - Setting next_dagrun for movie_ratings_pipeline to 2026-03-27 08:00:00+00:00, run_after=2026-03-28 08:00:00+00:00
[2026-03-28T07:20:20.529+0000] {processor.py:183} INFO - Processing /opt/airflow/dags/pipeline_dag.py took 0.250 seconds
[2026-03-28T07:20:50.634+0000] {processor.py:161} INFO - Started process (PID=349) to work on /opt/airflow/dags/pipeline_dag.py
[2026-03-28T07:20:50.634+0000] {processor.py:830} INFO - Processing file /opt/airflow/dags/pipeline_dag.py for tasks to queue
[2026-03-28T07:20:50.636+0000] {logging_mixin.py:188} INFO - [2026-03-28T07:20:50.636+0000] {dagbag.py:545} INFO - Filling up the DagBag from /opt/airflow/dags/pipeline_dag.py
[2026-03-28T07:20:50.828+0000] {processor.py:840} INFO - DAG(s) 'movie_ratings_pipeline' retrieved from /opt/airflow/dags/pipeline_dag.py
[2026-03-28T07:20:50.846+0000] {logging_mixin.py:188} INFO - [2026-03-28T07:20:50.846+0000] {dag.py:3096} INFO - Sync 1 DAGs
[2026-03-28T07:20:50.860+0000] {logging_mixin.py:188} INFO - [2026-03-28T07:20:50.860+0000] {dag.py:3954} INFO - Setting next_dagrun for movie_ratings_pipeline to 2026-03-27 08:00:00+00:00, run_after=2026-03-28 08:00:00+00:00
[2026-03-28T07:20:50.873+0000] {processor.py:183} INFO - Processing /opt/airflow/dags/pipeline_dag.py took 0.244 seconds
[2026-03-28T07:21:21.222+0000] {processor.py:161} INFO - Started process (PID=355) to work on /opt/airflow/dags/pipeline_dag.py
[2026-03-28T07:21:21.223+0000] {processor.py:830} INFO - Processing file /opt/airflow/dags/pipeline_dag.py for tasks to queue
[2026-03-28T07:21:21.225+0000] {logging_mixin.py:188} INFO - [2026-03-28T07:21:21.225+0000] {dagbag.py:545} INFO - Filling up the DagBag from /opt/airflow/dags/pipeline_dag.py
[2026-03-28T07:21:21.434+0000] {processor.py:840} INFO - DAG(s) 'movie_ratings_pipeline' retrieved from /opt/airflow/dags/pipeline_dag.py
[2026-03-28T07:21:21.453+0000] {logging_mixin.py:188} INFO - [2026-03-28T07:21:21.453+0000] {dag.py:3096} INFO - Sync 1 DAGs
[2026-03-28T07:21:21.469+0000] {logging_mixin.py:188} INFO - [2026-03-28T07:21:21.469+0000] {dag.py:3954} INFO - Setting next_dagrun for movie_ratings_pipeline to 2026-03-27 08:00:00+00:00, run_after=2026-03-28 08:00:00+00:00
[2026-03-28T07:21:21.484+0000] {processor.py:183} INFO - Processing /opt/airflow/dags/pipeline_dag.py took 0.265 seconds
[2026-03-28T07:21:51.589+0000] {processor.py:161} INFO - Started process (PID=361) to work on /opt/airflow/dags/pipeline_dag.py
[2026-03-28T07:21:51.593+0000] {processor.py:830} INFO - Processing file /opt/airflow/dags/pipeline_dag.py for tasks to queue
[2026-03-28T07:21:51.598+0000] {logging_mixin.py:188} INFO - [2026-03-28T07:21:51.597+0000] {dagbag.py:545} INFO - Filling up the DagBag from /opt/airflow/dags/pipeline_dag.py
[2026-03-28T07:21:52.293+0000] {processor.py:840} INFO - DAG(s) 'movie_ratings_pipeline' retrieved from /opt/airflow/dags/pipeline_dag.py
[2026-03-28T07:21:52.338+0000] {logging_mixin.py:188} INFO - [2026-03-28T07:21:52.337+0000] {dag.py:3096} INFO - Sync 1 DAGs
[2026-03-28T07:21:52.367+0000] {logging_mixin.py:188} INFO - [2026-03-28T07:21:52.367+0000] {dag.py:3954} INFO - Setting next_dagrun for movie_ratings_pipeline to 2026-03-27 08:00:00+00:00, run_after=2026-03-28 08:00:00+00:00
[2026-03-28T07:21:52.390+0000] {processor.py:183} INFO - Processing /opt/airflow/dags/pipeline_dag.py took 0.831 seconds
[2026-03-28T07:22:22.700+0000] {processor.py:161} INFO - Started process (PID=367) to work on /opt/airflow/dags/pipeline_dag.py
[2026-03-28T07:22:22.701+0000] {processor.py:830} INFO - Processing file /opt/airflow/dags/pipeline_dag.py for tasks to queue
[2026-03-28T07:22:22.703+0000] {logging_mixin.py:188} INFO - [2026-03-28T07:22:22.702+0000] {dagbag.py:545} INFO - Filling up the DagBag from /opt/airflow/dags/pipeline_dag.py
[2026-03-28T07:22:22.935+0000] {processor.py:840} INFO - DAG(s) 'movie_ratings_pipeline' retrieved from /opt/airflow/dags/pipeline_dag.py
[2026-03-28T07:22:22.955+0000] {logging_mixin.py:188} INFO - [2026-03-28T07:22:22.955+0000] {dag.py:3096} INFO - Sync 1 DAGs
[2026-03-28T07:22:22.969+0000] {logging_mixin.py:188} INFO - [2026-03-28T07:22:22.969+0000] {dag.py:3954} INFO - Setting next_dagrun for movie_ratings_pipeline to 2026-03-27 08:00:00+00:00, run_after=2026-03-28 08:00:00+00:00
[2026-03-28T07:22:22.983+0000] {processor.py:183} INFO - Processing /opt/airflow/dags/pipeline_dag.py took 0.289 seconds
[2026-03-28T07:22:53.305+0000] {processor.py:161} INFO - Started process (PID=373) to work on /opt/airflow/dags/pipeline_dag.py
[2026-03-28T07:22:53.306+0000] {processor.py:830} INFO - Processing file /opt/airflow/dags/pipeline_dag.py for tasks to queue
[2026-03-28T07:22:53.308+0000] {logging_mixin.py:188} INFO - [2026-03-28T07:22:53.307+0000] {dagbag.py:545} INFO - Filling up the DagBag from /opt/airflow/dags/pipeline_dag.py
[2026-03-28T07:22:53.503+0000] {processor.py:840} INFO - DAG(s) 'movie_ratings_pipeline' retrieved from /opt/airflow/dags/pipeline_dag.py
[2026-03-28T07:22:53.524+0000] {logging_mixin.py:188} INFO - [2026-03-28T07:22:53.523+0000] {dag.py:3096} INFO - Sync 1 DAGs
[2026-03-28T07:22:53.538+0000] {logging_mixin.py:188} INFO - [2026-03-28T07:22:53.537+0000] {dag.py:3954} INFO - Setting next_dagrun for movie_ratings_pipeline to 2026-03-27 08:00:00+00:00, run_after=2026-03-28 08:00:00+00:00
[2026-03-28T07:22:53.551+0000] {processor.py:183} INFO - Processing /opt/airflow/dags/pipeline_dag.py took 0.251 seconds
[2026-03-28T07:23:23.656+0000] {processor.py:161} INFO - Started process (PID=379) to work on /opt/airflow/dags/pipeline_dag.py
[2026-03-28T07:23:23.656+0000] {processor.py:830} INFO - Processing file /opt/airflow/dags/pipeline_dag.py for tasks to queue
[2026-03-28T07:23:23.658+0000] {logging_mixin.py:188} INFO - [2026-03-28T07:23:23.658+0000] {dagbag.py:545} INFO - Filling up the DagBag from /opt/airflow/dags/pipeline_dag.py
[2026-03-28T07:23:23.892+0000] {processor.py:840} INFO - DAG(s) 'movie_ratings_pipeline' retrieved from /opt/airflow/dags/pipeline_dag.py
[2026-03-28T07:23:23.909+0000] {logging_mixin.py:188} INFO - [2026-03-28T07:23:23.909+0000] {dag.py:3096} INFO - Sync 1 DAGs
[2026-03-28T07:23:23.922+0000] {logging_mixin.py:188} INFO - [2026-03-28T07:23:23.922+0000] {dag.py:3954} INFO - Setting next_dagrun for movie_ratings_pipeline to 2026-03-27 08:00:00+00:00, run_after=2026-03-28 08:00:00+00:00
[2026-03-28T07:23:23.934+0000] {processor.py:183} INFO - Processing /opt/airflow/dags/pipeline_dag.py took 0.243 seconds
[2026-03-28T07:23:54.265+0000] {processor.py:161} INFO - Started process (PID=385) to work on /opt/airflow/dags/pipeline_dag.py
[2026-03-28T07:23:54.269+0000] {processor.py:830} INFO - Processing file /opt/airflow/dags/pipeline_dag.py for tasks to queue
[2026-03-28T07:23:54.271+0000] {logging_mixin.py:188} INFO - [2026-03-28T07:23:54.270+0000] {dagbag.py:545} INFO - Filling up the DagBag from /opt/airflow/dags/pipeline_dag.py
[2026-03-28T07:23:54.453+0000] {processor.py:840} INFO - DAG(s) 'movie_ratings_pipeline' retrieved from /opt/airflow/dags/pipeline_dag.py
[2026-03-28T07:23:54.471+0000] {logging_mixin.py:188} INFO - [2026-03-28T07:23:54.471+0000] {dag.py:3096} INFO - Sync 1 DAGs
[2026-03-28T07:23:54.485+0000] {logging_mixin.py:188} INFO - [2026-03-28T07:23:54.485+0000] {dag.py:3954} INFO - Setting next_dagrun for movie_ratings_pipeline to 2026-03-27 08:00:00+00:00, run_after=2026-03-28 08:00:00+00:00
[2026-03-28T07:23:54.498+0000] {processor.py:183} INFO - Processing /opt/airflow/dags/pipeline_dag.py took 0.238 seconds
[2026-03-28T07:24:24.618+0000] {processor.py:161} INFO - Started process (PID=391) to work on /opt/airflow/dags/pipeline_dag.py
[2026-03-28T07:24:24.619+0000] {processor.py:830} INFO - Processing file /opt/airflow/dags/pipeline_dag.py for tasks to queue
[2026-03-28T07:24:24.621+0000] {logging_mixin.py:188} INFO - [2026-03-28T07:24:24.621+0000] {dagbag.py:545} INFO - Filling up the DagBag from /opt/airflow/dags/pipeline_dag.py
[2026-03-28T07:24:24.811+0000] {processor.py:840} INFO - DAG(s) 'movie_ratings_pipeline' retrieved from /opt/airflow/dags/pipeline_dag.py
[2026-03-28T07:24:24.829+0000] {logging_mixin.py:188} INFO - [2026-03-28T07:24:24.829+0000] {dag.py:3096} INFO - Sync 1 DAGs
[2026-03-28T07:24:24.843+0000] {logging_mixin.py:188} INFO - [2026-03-28T07:24:24.843+0000] {dag.py:3954} INFO - Setting next_dagrun for movie_ratings_pipeline to 2026-03-27 08:00:00+00:00, run_after=2026-03-28 08:00:00+00:00
[2026-03-28T07:24:24.856+0000] {processor.py:183} INFO - Processing /opt/airflow/dags/pipeline_dag.py took 0.242 seconds
[2026-03-28T07:24:55.187+0000] {processor.py:161} INFO - Started process (PID=397) to work on /opt/airflow/dags/pipeline_dag.py
[2026-03-28T07:24:55.188+0000] {processor.py:830} INFO - Processing file /opt/airflow/dags/pipeline_dag.py for tasks to queue
[2026-03-28T07:24:55.189+0000] {logging_mixin.py:188} INFO - [2026-03-28T07:24:55.189+0000] {dagbag.py:545} INFO - Filling up the DagBag from /opt/airflow/dags/pipeline_dag.py
[2026-03-28T07:24:55.384+0000] {processor.py:840} INFO - DAG(s) 'movie_ratings_pipeline' retrieved from /opt/airflow/dags/pipeline_dag.py
[2026-03-28T07:24:55.403+0000] {logging_mixin.py:188} INFO - [2026-03-28T07:24:55.403+0000] {dag.py:3096} INFO - Sync 1 DAGs
[2026-03-28T07:24:55.417+0000] {logging_mixin.py:188} INFO - [2026-03-28T07:24:55.417+0000] {dag.py:3954} INFO - Setting next_dagrun for movie_ratings_pipeline to 2026-03-27 08:00:00+00:00, run_after=2026-03-28 08:00:00+00:00
[2026-03-28T07:24:55.430+0000] {processor.py:183} INFO - Processing /opt/airflow/dags/pipeline_dag.py took 0.247 seconds
[2026-03-28T07:25:25.538+0000] {processor.py:161} INFO - Started process (PID=403) to work on /opt/airflow/dags/pipeline_dag.py
[2026-03-28T07:25:25.539+0000] {processor.py:830} INFO - Processing file /opt/airflow/dags/pipeline_dag.py for tasks to queue
[2026-03-28T07:25:25.540+0000] {logging_mixin.py:188} INFO - [2026-03-28T07:25:25.540+0000] {dagbag.py:545} INFO - Filling up the DagBag from /opt/airflow/dags/pipeline_dag.py
[2026-03-28T07:25:25.807+0000] {processor.py:840} INFO - DAG(s) 'movie_ratings_pipeline' retrieved from /opt/airflow/dags/pipeline_dag.py
[2026-03-28T07:25:25.830+0000] {logging_mixin.py:188} INFO - [2026-03-28T07:25:25.830+0000] {dag.py:3096} INFO - Sync 1 DAGs
[2026-03-28T07:25:25.849+0000] {logging_mixin.py:188} INFO - [2026-03-28T07:25:25.849+0000] {dag.py:3954} INFO - Setting next_dagrun for movie_ratings_pipeline to 2026-03-27 08:00:00+00:00, run_after=2026-03-28 08:00:00+00:00
[2026-03-28T07:25:25.866+0000] {processor.py:183} INFO - Processing /opt/airflow/dags/pipeline_dag.py took 0.332 seconds
[2026-03-28T07:25:56.044+0000] {processor.py:161} INFO - Started process (PID=409) to work on /opt/airflow/dags/pipeline_dag.py
[2026-03-28T07:25:56.045+0000] {processor.py:830} INFO - Processing file /opt/airflow/dags/pipeline_dag.py for tasks to queue
[2026-03-28T07:25:56.046+0000] {logging_mixin.py:188} INFO - [2026-03-28T07:25:56.046+0000] {dagbag.py:545} INFO - Filling up the DagBag from /opt/airflow/dags/pipeline_dag.py
[2026-03-28T07:25:56.249+0000] {processor.py:840} INFO - DAG(s) 'movie_ratings_pipeline' retrieved from /opt/airflow/dags/pipeline_dag.py
[2026-03-28T07:25:56.272+0000] {logging_mixin.py:188} INFO - [2026-03-28T07:25:56.271+0000] {dag.py:3096} INFO - Sync 1 DAGs
[2026-03-28T07:25:56.288+0000] {logging_mixin.py:188} INFO - [2026-03-28T07:25:56.288+0000] {dag.py:3954} INFO - Setting next_dagrun for movie_ratings_pipeline to 2026-03-27 08:00:00+00:00, run_after=2026-03-28 08:00:00+00:00
[2026-03-28T07:25:56.304+0000] {processor.py:183} INFO - Processing /opt/airflow/dags/pipeline_dag.py took 0.266 seconds
[2026-03-28T07:26:26.520+0000] {processor.py:161} INFO - Started process (PID=415) to work on /opt/airflow/dags/pipeline_dag.py
[2026-03-28T07:26:26.520+0000] {processor.py:830} INFO - Processing file /opt/airflow/dags/pipeline_dag.py for tasks to queue
[2026-03-28T07:26:26.522+0000] {logging_mixin.py:188} INFO - [2026-03-28T07:26:26.522+0000] {dagbag.py:545} INFO - Filling up the DagBag from /opt/airflow/dags/pipeline_dag.py
[2026-03-28T07:26:26.723+0000] {processor.py:840} INFO - DAG(s) 'movie_ratings_pipeline' retrieved from /opt/airflow/dags/pipeline_dag.py
[2026-03-28T07:26:26.742+0000] {logging_mixin.py:188} INFO - [2026-03-28T07:26:26.742+0000] {dag.py:3096} INFO - Sync 1 DAGs
[2026-03-28T07:26:26.757+0000] {logging_mixin.py:188} INFO - [2026-03-28T07:26:26.756+0000] {dag.py:3954} INFO - Setting next_dagrun for movie_ratings_pipeline to 2026-03-27 08:00:00+00:00, run_after=2026-03-28 08:00:00+00:00
[2026-03-28T07:26:26.769+0000] {processor.py:183} INFO - Processing /opt/airflow/dags/pipeline_dag.py took 0.254 seconds
[2026-03-28T07:26:56.932+0000] {processor.py:161} INFO - Started process (PID=421) to work on /opt/airflow/dags/pipeline_dag.py
[2026-03-28T07:26:56.932+0000] {processor.py:830} INFO - Processing file /opt/airflow/dags/pipeline_dag.py for tasks to queue
[2026-03-28T07:26:56.934+0000] {logging_mixin.py:188} INFO - [2026-03-28T07:26:56.934+0000] {dagbag.py:545} INFO - Filling up the DagBag from /opt/airflow/dags/pipeline_dag.py
[2026-03-28T07:26:57.119+0000] {processor.py:840} INFO - DAG(s) 'movie_ratings_pipeline' retrieved from /opt/airflow/dags/pipeline_dag.py
[2026-03-28T07:26:57.140+0000] {logging_mixin.py:188} INFO - [2026-03-28T07:26:57.139+0000] {dag.py:3096} INFO - Sync 1 DAGs
[2026-03-28T07:26:57.154+0000] {logging_mixin.py:188} INFO - [2026-03-28T07:26:57.154+0000] {dag.py:3954} INFO - Setting next_dagrun for movie_ratings_pipeline to 2026-03-27 08:00:00+00:00, run_after=2026-03-28 08:00:00+00:00
[2026-03-28T07:26:57.167+0000] {processor.py:183} INFO - Processing /opt/airflow/dags/pipeline_dag.py took 0.239 seconds
[2026-03-28T07:27:27.437+0000] {processor.py:161} INFO - Started process (PID=427) to work on /opt/airflow/dags/pipeline_dag.py
[2026-03-28T07:27:27.438+0000] {processor.py:830} INFO - Processing file /opt/airflow/dags/pipeline_dag.py for tasks to queue
[2026-03-28T07:27:27.439+0000] {logging_mixin.py:188} INFO - [2026-03-28T07:27:27.439+0000] {dagbag.py:545} INFO - Filling up the DagBag from /opt/airflow/dags/pipeline_dag.py
[2026-03-28T07:27:27.631+0000] {processor.py:840} INFO - DAG(s) 'movie_ratings_pipeline' retrieved from /opt/airflow/dags/pipeline_dag.py
[2026-03-28T07:27:27.650+0000] {logging_mixin.py:188} INFO - [2026-03-28T07:27:27.650+0000] {dag.py:3096} INFO - Sync 1 DAGs
[2026-03-28T07:27:27.664+0000] {logging_mixin.py:188} INFO - [2026-03-28T07:27:27.664+0000] {dag.py:3954} INFO - Setting next_dagrun for movie_ratings_pipeline to 2026-03-27 08:00:00+00:00, run_after=2026-03-28 08:00:00+00:00
[2026-03-28T07:27:27.678+0000] {processor.py:183} INFO - Processing /opt/airflow/dags/pipeline_dag.py took 0.246 seconds
[2026-03-28T07:27:57.820+0000] {processor.py:161} INFO - Started process (PID=433) to work on /opt/airflow/dags/pipeline_dag.py
[2026-03-28T07:27:57.821+0000] {processor.py:830} INFO - Processing file /opt/airflow/dags/pipeline_dag.py for tasks to queue
[2026-03-28T07:27:57.823+0000] {logging_mixin.py:188} INFO - [2026-03-28T07:27:57.823+0000] {dagbag.py:545} INFO - Filling up the DagBag from /opt/airflow/dags/pipeline_dag.py
[2026-03-28T07:27:58.033+0000] {processor.py:840} INFO - DAG(s) 'movie_ratings_pipeline' retrieved from /opt/airflow/dags/pipeline_dag.py
[2026-03-28T07:27:58.054+0000] {logging_mixin.py:188} INFO - [2026-03-28T07:27:58.053+0000] {dag.py:3096} INFO - Sync 1 DAGs
[2026-03-28T07:27:58.069+0000] {logging_mixin.py:188} INFO - [2026-03-28T07:27:58.069+0000] {dag.py:3954} INFO - Setting next_dagrun for movie_ratings_pipeline to 2026-03-27 08:00:00+00:00, run_after=2026-03-28 08:00:00+00:00
[2026-03-28T07:27:58.082+0000] {processor.py:183} INFO - Processing /opt/airflow/dags/pipeline_dag.py took 0.267 seconds
[2026-03-28T07:28:28.283+0000] {processor.py:161} INFO - Started process (PID=439) to work on /opt/airflow/dags/pipeline_dag.py
[2026-03-28T07:28:28.284+0000] {processor.py:830} INFO - Processing file /opt/airflow/dags/pipeline_dag.py for tasks to queue
[2026-03-28T07:28:28.285+0000] {logging_mixin.py:188} INFO - [2026-03-28T07:28:28.285+0000] {dagbag.py:545} INFO - Filling up the DagBag from /opt/airflow/dags/pipeline_dag.py
[2026-03-28T07:28:28.469+0000] {processor.py:840} INFO - DAG(s) 'movie_ratings_pipeline' retrieved from /opt/airflow/dags/pipeline_dag.py
[2026-03-28T07:28:28.487+0000] {logging_mixin.py:188} INFO - [2026-03-28T07:28:28.487+0000] {dag.py:3096} INFO - Sync 1 DAGs
[2026-03-28T07:28:28.501+0000] {logging_mixin.py:188} INFO - [2026-03-28T07:28:28.501+0000] {dag.py:3954} INFO - Setting next_dagrun for movie_ratings_pipeline to 2026-03-27 08:00:00+00:00, run_after=2026-03-28 08:00:00+00:00
[2026-03-28T07:28:28.514+0000] {processor.py:183} INFO - Processing /opt/airflow/dags/pipeline_dag.py took 0.235 seconds
[2026-03-28T07:28:58.773+0000] {processor.py:161} INFO - Started process (PID=445) to work on /opt/airflow/dags/pipeline_dag.py
[2026-03-28T07:28:58.774+0000] {processor.py:830} INFO - Processing file /opt/airflow/dags/pipeline_dag.py for tasks to queue
[2026-03-28T07:28:58.775+0000] {logging_mixin.py:188} INFO - [2026-03-28T07:28:58.775+0000] {dagbag.py:545} INFO - Filling up the DagBag from /opt/airflow/dags/pipeline_dag.py
[2026-03-28T07:28:58.965+0000] {processor.py:840} INFO - DAG(s) 'movie_ratings_pipeline' retrieved from /opt/airflow/dags/pipeline_dag.py
[2026-03-28T07:28:58.983+0000] {logging_mixin.py:188} INFO - [2026-03-28T07:28:58.983+0000] {dag.py:3096} INFO - Sync 1 DAGs
[2026-03-28T07:28:58.997+0000] {logging_mixin.py:188} INFO - [2026-03-28T07:28:58.997+0000] {dag.py:3954} INFO - Setting next_dagrun for movie_ratings_pipeline to 2026-03-27 08:00:00+00:00, run_after=2026-03-28 08:00:00+00:00
[2026-03-28T07:28:59.010+0000] {processor.py:183} INFO - Processing /opt/airflow/dags/pipeline_dag.py took 0.241 seconds
[2026-03-28T07:29:29.196+0000] {processor.py:161} INFO - Started process (PID=451) to work on /opt/airflow/dags/pipeline_dag.py
[2026-03-28T07:29:29.197+0000] {processor.py:830} INFO - Processing file /opt/airflow/dags/pipeline_dag.py for tasks to queue
[2026-03-28T07:29:29.199+0000] {logging_mixin.py:188} INFO - [2026-03-28T07:29:29.199+0000] {dagbag.py:545} INFO - Filling up the DagBag from /opt/airflow/dags/pipeline_dag.py
[2026-03-28T07:29:29.391+0000] {processor.py:840} INFO - DAG(s) 'movie_ratings_pipeline' retrieved from /opt/airflow/dags/pipeline_dag.py
[2026-03-28T07:29:29.409+0000] {logging_mixin.py:188} INFO - [2026-03-28T07:29:29.409+0000] {dag.py:3096} INFO - Sync 1 DAGs
[2026-03-28T07:29:29.422+0000] {logging_mixin.py:188} INFO - [2026-03-28T07:29:29.422+0000] {dag.py:3954} INFO - Setting next_dagrun for movie_ratings_pipeline to 2026-03-27 08:00:00+00:00, run_after=2026-03-28 08:00:00+00:00
[2026-03-28T07:29:29.436+0000] {processor.py:183} INFO - Processing /opt/airflow/dags/pipeline_dag.py took 0.245 seconds
[2026-03-28T07:29:59.678+0000] {processor.py:161} INFO - Started process (PID=457) to work on /opt/airflow/dags/pipeline_dag.py
[2026-03-28T07:29:59.679+0000] {processor.py:830} INFO - Processing file /opt/airflow/dags/pipeline_dag.py for tasks to queue
[2026-03-28T07:29:59.681+0000] {logging_mixin.py:188} INFO - [2026-03-28T07:29:59.681+0000] {dagbag.py:545} INFO - Filling up the DagBag from /opt/airflow/dags/pipeline_dag.py
[2026-03-28T07:29:59.906+0000] {processor.py:840} INFO - DAG(s) 'movie_ratings_pipeline' retrieved from /opt/airflow/dags/pipeline_dag.py
[2026-03-28T07:29:59.928+0000] {logging_mixin.py:188} INFO - [2026-03-28T07:29:59.927+0000] {dag.py:3096} INFO - Sync 1 DAGs
[2026-03-28T07:29:59.942+0000] {logging_mixin.py:188} INFO - [2026-03-28T07:29:59.942+0000] {dag.py:3954} INFO - Setting next_dagrun for movie_ratings_pipeline to 2026-03-27 08:00:00+00:00, run_after=2026-03-28 08:00:00+00:00
[2026-03-28T07:29:59.955+0000] {processor.py:183} INFO - Processing /opt/airflow/dags/pipeline_dag.py took 0.282 seconds
[2026-03-28T07:30:30.011+0000] {processor.py:161} INFO - Started process (PID=463) to work on /opt/airflow/dags/pipeline_dag.py
[2026-03-28T07:30:30.012+0000] {processor.py:830} INFO - Processing file /opt/airflow/dags/pipeline_dag.py for tasks to queue
[2026-03-28T07:30:30.014+0000] {logging_mixin.py:188} INFO - [2026-03-28T07:30:30.014+0000] {dagbag.py:545} INFO - Filling up the DagBag from /opt/airflow/dags/pipeline_dag.py
[2026-03-28T07:30:30.303+0000] {processor.py:840} INFO - DAG(s) 'movie_ratings_pipeline' retrieved from /opt/airflow/dags/pipeline_dag.py
[2026-03-28T07:30:30.329+0000] {logging_mixin.py:188} INFO - [2026-03-28T07:30:30.328+0000] {dag.py:3096} INFO - Sync 1 DAGs
[2026-03-28T07:30:30.348+0000] {logging_mixin.py:188} INFO - [2026-03-28T07:30:30.348+0000] {dag.py:3954} INFO - Setting next_dagrun for movie_ratings_pipeline to 2026-03-27 08:00:00+00:00, run_after=2026-03-28 08:00:00+00:00
[2026-03-28T07:30:30.366+0000] {processor.py:183} INFO - Processing /opt/airflow/dags/pipeline_dag.py took 0.359 seconds
[2026-03-28T07:31:00.597+0000] {processor.py:161} INFO - Started process (PID=469) to work on /opt/airflow/dags/pipeline_dag.py
[2026-03-28T07:31:00.598+0000] {processor.py:830} INFO - Processing file /opt/airflow/dags/pipeline_dag.py for tasks to queue
[2026-03-28T07:31:00.600+0000] {logging_mixin.py:188} INFO - [2026-03-28T07:31:00.599+0000] {dagbag.py:545} INFO - Filling up the DagBag from /opt/airflow/dags/pipeline_dag.py
[2026-03-28T07:31:00.793+0000] {processor.py:840} INFO - DAG(s) 'movie_ratings_pipeline' retrieved from /opt/airflow/dags/pipeline_dag.py
[2026-03-28T07:31:00.810+0000] {logging_mixin.py:188} INFO - [2026-03-28T07:31:00.810+0000] {dag.py:3096} INFO - Sync 1 DAGs
[2026-03-28T07:31:00.824+0000] {logging_mixin.py:188} INFO - [2026-03-28T07:31:00.824+0000] {dag.py:3954} INFO - Setting next_dagrun for movie_ratings_pipeline to 2026-03-27 08:00:00+00:00, run_after=2026-03-28 08:00:00+00:00
[2026-03-28T07:31:00.838+0000] {processor.py:183} INFO - Processing /opt/airflow/dags/pipeline_dag.py took 0.245 seconds
[2026-03-28T07:31:31.009+0000] {processor.py:161} INFO - Started process (PID=475) to work on /opt/airflow/dags/pipeline_dag.py
[2026-03-28T07:31:31.010+0000] {processor.py:830} INFO - Processing file /opt/airflow/dags/pipeline_dag.py for tasks to queue
[2026-03-28T07:31:31.012+0000] {logging_mixin.py:188} INFO - [2026-03-28T07:31:31.011+0000] {dagbag.py:545} INFO - Filling up the DagBag from /opt/airflow/dags/pipeline_dag.py
[2026-03-28T07:31:31.206+0000] {processor.py:840} INFO - DAG(s) 'movie_ratings_pipeline' retrieved from /opt/airflow/dags/pipeline_dag.py
[2026-03-28T07:31:31.226+0000] {logging_mixin.py:188} INFO - [2026-03-28T07:31:31.226+0000] {dag.py:3096} INFO - Sync 1 DAGs
[2026-03-28T07:31:31.241+0000] {logging_mixin.py:188} INFO - [2026-03-28T07:31:31.241+0000] {dag.py:3954} INFO - Setting next_dagrun for movie_ratings_pipeline to 2026-03-27 08:00:00+00:00, run_after=2026-03-28 08:00:00+00:00
[2026-03-28T07:31:31.254+0000] {processor.py:183} INFO - Processing /opt/airflow/dags/pipeline_dag.py took 0.249 seconds
[2026-03-28T07:32:01.480+0000] {processor.py:161} INFO - Started process (PID=481) to work on /opt/airflow/dags/pipeline_dag.py
[2026-03-28T07:32:01.481+0000] {processor.py:830} INFO - Processing file /opt/airflow/dags/pipeline_dag.py for tasks to queue
[2026-03-28T07:32:01.482+0000] {logging_mixin.py:188} INFO - [2026-03-28T07:32:01.482+0000] {dagbag.py:545} INFO - Filling up the DagBag from /opt/airflow/dags/pipeline_dag.py
[2026-03-28T07:32:01.682+0000] {processor.py:840} INFO - DAG(s) 'movie_ratings_pipeline' retrieved from /opt/airflow/dags/pipeline_dag.py
[2026-03-28T07:32:01.700+0000] {logging_mixin.py:188} INFO - [2026-03-28T07:32:01.700+0000] {dag.py:3096} INFO - Sync 1 DAGs
[2026-03-28T07:32:01.713+0000] {logging_mixin.py:188} INFO - [2026-03-28T07:32:01.713+0000] {dag.py:3954} INFO - Setting next_dagrun for movie_ratings_pipeline to 2026-03-27 08:00:00+00:00, run_after=2026-03-28 08:00:00+00:00
[2026-03-28T07:32:01.727+0000] {processor.py:183} INFO - Processing /opt/airflow/dags/pipeline_dag.py took 0.251 seconds
[2026-03-28T07:32:31.876+0000] {processor.py:161} INFO - Started process (PID=487) to work on /opt/airflow/dags/pipeline_dag.py
[2026-03-28T07:32:31.877+0000] {processor.py:830} INFO - Processing file /opt/airflow/dags/pipeline_dag.py for tasks to queue
[2026-03-28T07:32:31.878+0000] {logging_mixin.py:188} INFO - [2026-03-28T07:32:31.878+0000] {dagbag.py:545} INFO - Filling up the DagBag from /opt/airflow/dags/pipeline_dag.py
[2026-03-28T07:32:32.083+0000] {processor.py:840} INFO - DAG(s) 'movie_ratings_pipeline' retrieved from /opt/airflow/dags/pipeline_dag.py
[2026-03-28T07:32:32.103+0000] {logging_mixin.py:188} INFO - [2026-03-28T07:32:32.103+0000] {dag.py:3096} INFO - Sync 1 DAGs
[2026-03-28T07:32:32.118+0000] {logging_mixin.py:188} INFO - [2026-03-28T07:32:32.118+0000] {dag.py:3954} INFO - Setting next_dagrun for movie_ratings_pipeline to 2026-03-27 08:00:00+00:00, run_after=2026-03-28 08:00:00+00:00
[2026-03-28T07:32:32.132+0000] {processor.py:183} INFO - Processing /opt/airflow/dags/pipeline_dag.py took 0.261 seconds
[2026-03-28T07:33:02.326+0000] {processor.py:161} INFO - Started process (PID=493) to work on /opt/airflow/dags/pipeline_dag.py
[2026-03-28T07:33:02.327+0000] {processor.py:830} INFO - Processing file /opt/airflow/dags/pipeline_dag.py for tasks to queue
[2026-03-28T07:33:02.328+0000] {logging_mixin.py:188} INFO - [2026-03-28T07:33:02.328+0000] {dagbag.py:545} INFO - Filling up the DagBag from /opt/airflow/dags/pipeline_dag.py
[2026-03-28T07:33:02.524+0000] {processor.py:840} INFO - DAG(s) 'movie_ratings_pipeline' retrieved from /opt/airflow/dags/pipeline_dag.py
[2026-03-28T07:33:02.543+0000] {logging_mixin.py:188} INFO - [2026-03-28T07:33:02.543+0000] {dag.py:3096} INFO - Sync 1 DAGs
[2026-03-28T07:33:02.557+0000] {logging_mixin.py:188} INFO - [2026-03-28T07:33:02.557+0000] {dag.py:3954} INFO - Setting next_dagrun for movie_ratings_pipeline to 2026-03-27 08:00:00+00:00, run_after=2026-03-28 08:00:00+00:00
[2026-03-28T07:33:02.569+0000] {processor.py:183} INFO - Processing /opt/airflow/dags/pipeline_dag.py took 0.249 seconds
[2026-03-28T07:33:32.775+0000] {processor.py:161} INFO - Started process (PID=499) to work on /opt/airflow/dags/pipeline_dag.py
[2026-03-28T07:33:32.775+0000] {processor.py:830} INFO - Processing file /opt/airflow/dags/pipeline_dag.py for tasks to queue
[2026-03-28T07:33:32.777+0000] {logging_mixin.py:188} INFO - [2026-03-28T07:33:32.776+0000] {dagbag.py:545} INFO - Filling up the DagBag from /opt/airflow/dags/pipeline_dag.py
[2026-03-28T07:33:32.970+0000] {processor.py:840} INFO - DAG(s) 'movie_ratings_pipeline' retrieved from /opt/airflow/dags/pipeline_dag.py
[2026-03-28T07:33:32.987+0000] {logging_mixin.py:188} INFO - [2026-03-28T07:33:32.987+0000] {dag.py:3096} INFO - Sync 1 DAGs
[2026-03-28T07:33:33.002+0000] {logging_mixin.py:188} INFO - [2026-03-28T07:33:33.002+0000] {dag.py:3954} INFO - Setting next_dagrun for movie_ratings_pipeline to 2026-03-27 08:00:00+00:00, run_after=2026-03-28 08:00:00+00:00
[2026-03-28T07:33:33.015+0000] {processor.py:183} INFO - Processing /opt/airflow/dags/pipeline_dag.py took 0.245 seconds
[2026-03-28T07:34:03.152+0000] {processor.py:161} INFO - Started process (PID=505) to work on /opt/airflow/dags/pipeline_dag.py
[2026-03-28T07:34:03.153+0000] {processor.py:830} INFO - Processing file /opt/airflow/dags/pipeline_dag.py for tasks to queue
[2026-03-28T07:34:03.155+0000] {logging_mixin.py:188} INFO - [2026-03-28T07:34:03.155+0000] {dagbag.py:545} INFO - Filling up the DagBag from /opt/airflow/dags/pipeline_dag.py
[2026-03-28T07:34:03.363+0000] {processor.py:840} INFO - DAG(s) 'movie_ratings_pipeline' retrieved from /opt/airflow/dags/pipeline_dag.py
[2026-03-28T07:34:03.383+0000] {logging_mixin.py:188} INFO - [2026-03-28T07:34:03.383+0000] {dag.py:3096} INFO - Sync 1 DAGs
[2026-03-28T07:34:03.397+0000] {logging_mixin.py:188} INFO - [2026-03-28T07:34:03.397+0000] {dag.py:3954} INFO - Setting next_dagrun for movie_ratings_pipeline to 2026-03-27 08:00:00+00:00, run_after=2026-03-28 08:00:00+00:00
[2026-03-28T07:34:03.411+0000] {processor.py:183} INFO - Processing /opt/airflow/dags/pipeline_dag.py took 0.263 seconds
[2026-03-28T07:34:33.660+0000] {processor.py:161} INFO - Started process (PID=511) to work on /opt/airflow/dags/pipeline_dag.py
[2026-03-28T07:34:33.661+0000] {processor.py:830} INFO - Processing file /opt/airflow/dags/pipeline_dag.py for tasks to queue
[2026-03-28T07:34:33.662+0000] {logging_mixin.py:188} INFO - [2026-03-28T07:34:33.662+0000] {dagbag.py:545} INFO - Filling up the DagBag from /opt/airflow/dags/pipeline_dag.py
[2026-03-28T07:34:33.853+0000] {processor.py:840} INFO - DAG(s) 'movie_ratings_pipeline' retrieved from /opt/airflow/dags/pipeline_dag.py
[2026-03-28T07:34:33.871+0000] {logging_mixin.py:188} INFO - [2026-03-28T07:34:33.870+0000] {dag.py:3096} INFO - Sync 1 DAGs
[2026-03-28T07:34:33.885+0000] {logging_mixin.py:188} INFO - [2026-03-28T07:34:33.884+0000] {dag.py:3954} INFO - Setting next_dagrun for movie_ratings_pipeline to 2026-03-27 08:00:00+00:00, run_after=2026-03-28 08:00:00+00:00
[2026-03-28T07:34:33.897+0000] {processor.py:183} INFO - Processing /opt/airflow/dags/pipeline_dag.py took 0.241 seconds
[2026-03-28T07:35:04.151+0000] {processor.py:161} INFO - Started process (PID=517) to work on /opt/airflow/dags/pipeline_dag.py
[2026-03-28T07:35:04.152+0000] {processor.py:830} INFO - Processing file /opt/airflow/dags/pipeline_dag.py for tasks to queue
[2026-03-28T07:35:04.154+0000] {logging_mixin.py:188} INFO - [2026-03-28T07:35:04.153+0000] {dagbag.py:545} INFO - Filling up the DagBag from /opt/airflow/dags/pipeline_dag.py
[2026-03-28T07:35:04.344+0000] {processor.py:840} INFO - DAG(s) 'movie_ratings_pipeline' retrieved from /opt/airflow/dags/pipeline_dag.py
[2026-03-28T07:35:04.365+0000] {logging_mixin.py:188} INFO - [2026-03-28T07:35:04.364+0000] {dag.py:3096} INFO - Sync 1 DAGs
[2026-03-28T07:35:04.380+0000] {logging_mixin.py:188} INFO - [2026-03-28T07:35:04.380+0000] {dag.py:3954} INFO - Setting next_dagrun for movie_ratings_pipeline to 2026-03-27 08:00:00+00:00, run_after=2026-03-28 08:00:00+00:00
[2026-03-28T07:35:04.395+0000] {processor.py:183} INFO - Processing /opt/airflow/dags/pipeline_dag.py took 0.248 seconds
[2026-03-28T07:35:34.582+0000] {processor.py:161} INFO - Started process (PID=523) to work on /opt/airflow/dags/pipeline_dag.py
[2026-03-28T07:35:34.583+0000] {processor.py:830} INFO - Processing file /opt/airflow/dags/pipeline_dag.py for tasks to queue
[2026-03-28T07:35:34.584+0000] {logging_mixin.py:188} INFO - [2026-03-28T07:35:34.584+0000] {dagbag.py:545} INFO - Filling up the DagBag from /opt/airflow/dags/pipeline_dag.py
[2026-03-28T07:35:34.779+0000] {processor.py:840} INFO - DAG(s) 'movie_ratings_pipeline' retrieved from /opt/airflow/dags/pipeline_dag.py
[2026-03-28T07:35:34.797+0000] {logging_mixin.py:188} INFO - [2026-03-28T07:35:34.797+0000] {dag.py:3096} INFO - Sync 1 DAGs
[2026-03-28T07:35:34.812+0000] {logging_mixin.py:188} INFO - [2026-03-28T07:35:34.812+0000] {dag.py:3954} INFO - Setting next_dagrun for movie_ratings_pipeline to 2026-03-27 08:00:00+00:00, run_after=2026-03-28 08:00:00+00:00
[2026-03-28T07:35:34.827+0000] {processor.py:183} INFO - Processing /opt/airflow/dags/pipeline_dag.py took 0.250 seconds
[2026-03-28T07:36:04.974+0000] {processor.py:161} INFO - Started process (PID=529) to work on /opt/airflow/dags/pipeline_dag.py
[2026-03-28T07:36:04.975+0000] {processor.py:830} INFO - Processing file /opt/airflow/dags/pipeline_dag.py for tasks to queue
[2026-03-28T07:36:04.977+0000] {logging_mixin.py:188} INFO - [2026-03-28T07:36:04.977+0000] {dagbag.py:545} INFO - Filling up the DagBag from /opt/airflow/dags/pipeline_dag.py
[2026-03-28T07:36:05.201+0000] {processor.py:840} INFO - DAG(s) 'movie_ratings_pipeline' retrieved from /opt/airflow/dags/pipeline_dag.py
[2026-03-28T07:36:05.220+0000] {logging_mixin.py:188} INFO - [2026-03-28T07:36:05.220+0000] {dag.py:3096} INFO - Sync 1 DAGs
[2026-03-28T07:36:05.233+0000] {logging_mixin.py:188} INFO - [2026-03-28T07:36:05.233+0000] {dag.py:3954} INFO - Setting next_dagrun for movie_ratings_pipeline to 2026-03-27 08:00:00+00:00, run_after=2026-03-28 08:00:00+00:00
[2026-03-28T07:36:05.245+0000] {processor.py:183} INFO - Processing /opt/airflow/dags/pipeline_dag.py took 0.276 seconds
[2026-03-28T07:36:35.410+0000] {processor.py:161} INFO - Started process (PID=535) to work on /opt/airflow/dags/pipeline_dag.py
[2026-03-28T07:36:35.411+0000] {processor.py:830} INFO - Processing file /opt/airflow/dags/pipeline_dag.py for tasks to queue
[2026-03-28T07:36:35.412+0000] {logging_mixin.py:188} INFO - [2026-03-28T07:36:35.412+0000] {dagbag.py:545} INFO - Filling up the DagBag from /opt/airflow/dags/pipeline_dag.py
[2026-03-28T07:36:35.613+0000] {processor.py:840} INFO - DAG(s) 'movie_ratings_pipeline' retrieved from /opt/airflow/dags/pipeline_dag.py
[2026-03-28T07:36:35.631+0000] {logging_mixin.py:188} INFO - [2026-03-28T07:36:35.631+0000] {dag.py:3096} INFO - Sync 1 DAGs
[2026-03-28T07:36:35.645+0000] {logging_mixin.py:188} INFO - [2026-03-28T07:36:35.644+0000] {dag.py:3954} INFO - Setting next_dagrun for movie_ratings_pipeline to 2026-03-27 08:00:00+00:00, run_after=2026-03-28 08:00:00+00:00
[2026-03-28T07:36:35.658+0000] {processor.py:183} INFO - Processing /opt/airflow/dags/pipeline_dag.py took 0.252 seconds
[2026-03-28T07:37:05.854+0000] {processor.py:161} INFO - Started process (PID=541) to work on /opt/airflow/dags/pipeline_dag.py
[2026-03-28T07:37:05.855+0000] {processor.py:830} INFO - Processing file /opt/airflow/dags/pipeline_dag.py for tasks to queue
[2026-03-28T07:37:05.857+0000] {logging_mixin.py:188} INFO - [2026-03-28T07:37:05.856+0000] {dagbag.py:545} INFO - Filling up the DagBag from /opt/airflow/dags/pipeline_dag.py
[2026-03-28T07:37:06.048+0000] {processor.py:840} INFO - DAG(s) 'movie_ratings_pipeline' retrieved from /opt/airflow/dags/pipeline_dag.py
[2026-03-28T07:37:06.066+0000] {logging_mixin.py:188} INFO - [2026-03-28T07:37:06.066+0000] {dag.py:3096} INFO - Sync 1 DAGs
[2026-03-28T07:37:06.080+0000] {logging_mixin.py:188} INFO - [2026-03-28T07:37:06.079+0000] {dag.py:3954} INFO - Setting next_dagrun for movie_ratings_pipeline to 2026-03-27 08:00:00+00:00, run_after=2026-03-28 08:00:00+00:00
[2026-03-28T07:37:06.093+0000] {processor.py:183} INFO - Processing /opt/airflow/dags/pipeline_dag.py took 0.243 seconds
[2026-03-28T07:37:36.245+0000] {processor.py:161} INFO - Started process (PID=547) to work on /opt/airflow/dags/pipeline_dag.py
[2026-03-28T07:37:36.247+0000] {processor.py:830} INFO - Processing file /opt/airflow/dags/pipeline_dag.py for tasks to queue
[2026-03-28T07:37:36.251+0000] {logging_mixin.py:188} INFO - [2026-03-28T07:37:36.250+0000] {dagbag.py:545} INFO - Filling up the DagBag from /opt/airflow/dags/pipeline_dag.py
[2026-03-28T07:37:36.614+0000] {processor.py:840} INFO - DAG(s) 'movie_ratings_pipeline' retrieved from /opt/airflow/dags/pipeline_dag.py
[2026-03-28T07:37:36.634+0000] {logging_mixin.py:188} INFO - [2026-03-28T07:37:36.633+0000] {dag.py:3096} INFO - Sync 1 DAGs
[2026-03-28T07:37:36.651+0000] {logging_mixin.py:188} INFO - [2026-03-28T07:37:36.650+0000] {dag.py:3954} INFO - Setting next_dagrun for movie_ratings_pipeline to 2026-03-27 08:00:00+00:00, run_after=2026-03-28 08:00:00+00:00
[2026-03-28T07:37:36.665+0000] {processor.py:183} INFO - Processing /opt/airflow/dags/pipeline_dag.py took 0.427 seconds
[2026-03-28T07:38:06.896+0000] {processor.py:161} INFO - Started process (PID=553) to work on /opt/airflow/dags/pipeline_dag.py
[2026-03-28T07:38:06.898+0000] {processor.py:830} INFO - Processing file /opt/airflow/dags/pipeline_dag.py for tasks to queue
[2026-03-28T07:38:06.900+0000] {logging_mixin.py:188} INFO - [2026-03-28T07:38:06.899+0000] {dagbag.py:545} INFO - Filling up the DagBag from /opt/airflow/dags/pipeline_dag.py
[2026-03-28T07:38:07.119+0000] {processor.py:840} INFO - DAG(s) 'movie_ratings_pipeline' retrieved from /opt/airflow/dags/pipeline_dag.py
[2026-03-28T07:38:07.140+0000] {logging_mixin.py:188} INFO - [2026-03-28T07:38:07.140+0000] {dag.py:3096} INFO - Sync 1 DAGs
[2026-03-28T07:38:07.155+0000] {logging_mixin.py:188} INFO - [2026-03-28T07:38:07.155+0000] {dag.py:3954} INFO - Setting next_dagrun for movie_ratings_pipeline to 2026-03-27 08:00:00+00:00, run_after=2026-03-28 08:00:00+00:00
[2026-03-28T07:38:07.167+0000] {processor.py:183} INFO - Processing /opt/airflow/dags/pipeline_dag.py took 0.278 seconds
