[2026-03-28T07:59:29.553+0000] {local_task_job_runner.py:120} INFO - ::group::Pre task execution logs
[2026-03-28T07:59:29.572+0000] {taskinstance.py:2076} INFO - Dependencies all met for dep_context=non-requeueable deps ti=<TaskInstance: movie_ratings_pipeline.issue_found manual__2026-03-28T07:59:27.689295+00:00 [queued]>
[2026-03-28T07:59:29.576+0000] {taskinstance.py:2076} INFO - Dependencies all met for dep_context=requeueable deps ti=<TaskInstance: movie_ratings_pipeline.issue_found manual__2026-03-28T07:59:27.689295+00:00 [queued]>
[2026-03-28T07:59:29.577+0000] {taskinstance.py:2306} INFO - Starting attempt 1 of 2
[2026-03-28T07:59:29.585+0000] {taskinstance.py:2330} INFO - Executing <Task(BranchPythonOperator): issue_found> on 2026-03-28 07:59:27.689295+00:00
[2026-03-28T07:59:29.589+0000] {standard_task_runner.py:63} INFO - Started process 816 to run task
[2026-03-28T07:59:29.591+0000] {standard_task_runner.py:90} INFO - Running: ['***', 'tasks', 'run', 'movie_ratings_pipeline', 'issue_found', 'manual__2026-03-28T07:59:27.689295+00:00', '--job-id', '18', '--raw', '--subdir', 'DAGS_FOLDER/pipeline_dag.py', '--cfg-path', '/tmp/tmpbd7cmzg8']
[2026-03-28T07:59:29.593+0000] {standard_task_runner.py:91} INFO - Job 18: Subtask issue_found
[2026-03-28T07:59:29.656+0000] {task_command.py:426} INFO - Running <TaskInstance: movie_ratings_pipeline.issue_found manual__2026-03-28T07:59:27.689295+00:00 [running]> on host e95f35fcf722
[2026-03-28T07:59:29.723+0000] {taskinstance.py:2648} INFO - Exporting env vars: AIRFLOW_CTX_DAG_OWNER='***' AIRFLOW_CTX_DAG_ID='movie_ratings_pipeline' AIRFLOW_CTX_TASK_ID='issue_found' AIRFLOW_CTX_EXECUTION_DATE='2026-03-28T07:59:27.689295+00:00' AIRFLOW_CTX_TRY_NUMBER='1' AIRFLOW_CTX_DAG_RUN_ID='manual__2026-03-28T07:59:27.689295+00:00'
[2026-03-28T07:59:29.724+0000] {taskinstance.py:430} INFO - ::endgroup::
[2026-03-28T07:59:29.731+0000] {baseoperator.py:399} WARNING - BranchPythonOperator.execute cannot be called outside TaskInstance!
[2026-03-28T07:59:29.740+0000] {python.py:237} INFO - Done. Returned value was: split_record
[2026-03-28T07:59:29.741+0000] {branch.py:36} INFO - Branch into split_record
[2026-03-28T07:59:29.741+0000] {skipmixin.py:178} INFO - Following branch split_record
[2026-03-28T07:59:29.753+0000] {skipmixin.py:246} INFO - Skipping tasks [('convert_to_parquet', -1)]
[2026-03-28T07:59:29.771+0000] {taskinstance.py:441} INFO - ::group::Post task execution logs
[2026-03-28T07:59:29.786+0000] {taskinstance.py:1206} INFO - Marking task as SUCCESS. dag_id=movie_ratings_pipeline, task_id=issue_found, run_id=manual__2026-03-28T07:59:27.689295+00:00, execution_date=20260328T075927, start_date=20260328T075929, end_date=20260328T075929
[2026-03-28T07:59:29.806+0000] {local_task_job_runner.py:240} INFO - Task exited with return code 0
[2026-03-28T07:59:29.823+0000] {taskinstance.py:3498} INFO - 1 downstream tasks scheduled from follow-on schedule check
[2026-03-28T07:59:29.825+0000] {local_task_job_runner.py:222} INFO - ::endgroup::
