[2026-03-28T08:31:15.342+0000] {local_task_job_runner.py:120} INFO - ::group::Pre task execution logs
[2026-03-28T08:31:15.363+0000] {taskinstance.py:2076} INFO - Dependencies all met for dep_context=non-requeueable deps ti=<TaskInstance: movie_ratings_pipeline.convert_to_parquet manual__2026-03-28T08:31:11.249076+00:00 [queued]>
[2026-03-28T08:31:15.369+0000] {taskinstance.py:2076} INFO - Dependencies all met for dep_context=requeueable deps ti=<TaskInstance: movie_ratings_pipeline.convert_to_parquet manual__2026-03-28T08:31:11.249076+00:00 [queued]>
[2026-03-28T08:31:15.370+0000] {taskinstance.py:2306} INFO - Starting attempt 1 of 2
[2026-03-28T08:31:15.378+0000] {taskinstance.py:2330} INFO - Executing <Task(PythonOperator): convert_to_parquet> on 2026-03-28 08:31:11.249076+00:00
[2026-03-28T08:31:15.383+0000] {standard_task_runner.py:63} INFO - Started process 1306 to run task
[2026-03-28T08:31:15.386+0000] {standard_task_runner.py:90} INFO - Running: ['***', 'tasks', 'run', 'movie_ratings_pipeline', 'convert_to_parquet', 'manual__2026-03-28T08:31:11.249076+00:00', '--job-id', '41', '--raw', '--subdir', 'DAGS_FOLDER/pipeline_dag.py', '--cfg-path', '/tmp/tmpa280pcld']
[2026-03-28T08:31:15.388+0000] {standard_task_runner.py:91} INFO - Job 41: Subtask convert_to_parquet
[2026-03-28T08:31:15.441+0000] {task_command.py:426} INFO - Running <TaskInstance: movie_ratings_pipeline.convert_to_parquet manual__2026-03-28T08:31:11.249076+00:00 [running]> on host e95f35fcf722
[2026-03-28T08:31:15.507+0000] {taskinstance.py:2648} INFO - Exporting env vars: AIRFLOW_CTX_DAG_OWNER='***' AIRFLOW_CTX_DAG_ID='movie_ratings_pipeline' AIRFLOW_CTX_TASK_ID='convert_to_parquet' AIRFLOW_CTX_EXECUTION_DATE='2026-03-28T08:31:11.249076+00:00' AIRFLOW_CTX_TRY_NUMBER='1' AIRFLOW_CTX_DAG_RUN_ID='manual__2026-03-28T08:31:11.249076+00:00'
[2026-03-28T08:31:15.508+0000] {taskinstance.py:430} INFO - ::endgroup::
[2026-03-28T08:31:15.516+0000] {pipeline_dag.py:76} INFO - ==================================================
[2026-03-28T08:31:15.516+0000] {pipeline_dag.py:77} INFO - TASK: convert_to_parquet
[2026-03-28T08:31:15.517+0000] {pipeline_dag.py:78} INFO - ==================================================
[2026-03-28T08:31:15.517+0000] {pipeline_dag.py:79} INFO - No null values found — converting full dataframe
[2026-03-28T08:31:15.525+0000] {pipeline_dag.py:81} INFO - INPUT  : /opt/***/data/movie_ratings.csv  (1,800 rows)
[2026-03-28T08:31:15.545+0000] {pipeline_dag.py:45} INFO -   Saved -> /opt/***/output/clean.parquet  (1,800 rows)
[2026-03-28T08:31:15.546+0000] {pipeline_dag.py:83} INFO - OUTPUT : /opt/***/output/clean.parquet
[2026-03-28T08:31:15.546+0000] {python.py:237} INFO - Done. Returned value was: None
[2026-03-28T08:31:15.546+0000] {taskinstance.py:441} INFO - ::group::Post task execution logs
[2026-03-28T08:31:15.554+0000] {taskinstance.py:1206} INFO - Marking task as SUCCESS. dag_id=movie_ratings_pipeline, task_id=convert_to_parquet, run_id=manual__2026-03-28T08:31:11.249076+00:00, execution_date=20260328T083111, start_date=20260328T083115, end_date=20260328T083115
[2026-03-28T08:31:15.598+0000] {local_task_job_runner.py:240} INFO - Task exited with return code 0
[2026-03-28T08:31:15.610+0000] {taskinstance.py:3498} INFO - 0 downstream tasks scheduled from follow-on schedule check
[2026-03-28T08:31:15.613+0000] {local_task_job_runner.py:222} INFO - ::endgroup::
