[2026-03-28T08:00:00.931+0000] {local_task_job_runner.py:120} INFO - ::group::Pre task execution logs
[2026-03-28T08:00:00.949+0000] {taskinstance.py:2076} INFO - Dependencies all met for dep_context=non-requeueable deps ti=<TaskInstance: movie_ratings_pipeline.check_input scheduled__2026-03-27T08:00:00+00:00 [queued]>
[2026-03-28T08:00:00.954+0000] {taskinstance.py:2076} INFO - Dependencies all met for dep_context=requeueable deps ti=<TaskInstance: movie_ratings_pipeline.check_input scheduled__2026-03-27T08:00:00+00:00 [queued]>
[2026-03-28T08:00:00.965+0000] {taskinstance.py:2306} INFO - Starting attempt 1 of 2
[2026-03-28T08:00:00.974+0000] {taskinstance.py:2330} INFO - Executing <Task(PythonOperator): check_input> on 2026-03-27 08:00:00+00:00
[2026-03-28T08:00:00.980+0000] {standard_task_runner.py:63} INFO - Started process 833 to run task
[2026-03-28T08:00:00.984+0000] {standard_task_runner.py:90} INFO - Running: ['***', 'tasks', 'run', 'movie_ratings_pipeline', 'check_input', 'scheduled__2026-03-27T08:00:00+00:00', '--job-id', '20', '--raw', '--subdir', 'DAGS_FOLDER/pipeline_dag.py', '--cfg-path', '/tmp/tmpr9wx2s6n']
[2026-03-28T08:00:00.986+0000] {standard_task_runner.py:91} INFO - Job 20: Subtask check_input
[2026-03-28T08:00:01.032+0000] {task_command.py:426} INFO - Running <TaskInstance: movie_ratings_pipeline.check_input scheduled__2026-03-27T08:00:00+00:00 [running]> on host e95f35fcf722
[2026-03-28T08:00:01.102+0000] {taskinstance.py:2648} INFO - Exporting env vars: AIRFLOW_CTX_DAG_OWNER='***' AIRFLOW_CTX_DAG_ID='movie_ratings_pipeline' AIRFLOW_CTX_TASK_ID='check_input' AIRFLOW_CTX_EXECUTION_DATE='2026-03-27T08:00:00+00:00' AIRFLOW_CTX_TRY_NUMBER='1' AIRFLOW_CTX_DAG_RUN_ID='scheduled__2026-03-27T08:00:00+00:00'
[2026-03-28T08:00:01.103+0000] {taskinstance.py:430} INFO - ::endgroup::
[2026-03-28T08:00:01.112+0000] {logging_mixin.py:188} INFO - [Check_Input] Loading '/opt/***/data/movie_ratings.csv' ...
[2026-03-28T08:00:01.121+0000] {logging_mixin.py:188} INFO -   Loaded 1,800 rows x 6 columns
[2026-03-28T08:00:01.122+0000] {logging_mixin.py:188} INFO -   Null rows found: 850
[2026-03-28T08:00:01.133+0000] {python.py:237} INFO - Done. Returned value was: None
[2026-03-28T08:00:01.134+0000] {taskinstance.py:441} INFO - ::group::Post task execution logs
[2026-03-28T08:00:01.141+0000] {taskinstance.py:1206} INFO - Marking task as SUCCESS. dag_id=movie_ratings_pipeline, task_id=check_input, run_id=scheduled__2026-03-27T08:00:00+00:00, execution_date=20260327T080000, start_date=20260328T080000, end_date=20260328T080001
[2026-03-28T08:00:01.157+0000] {local_task_job_runner.py:240} INFO - Task exited with return code 0
[2026-03-28T08:00:01.173+0000] {taskinstance.py:3498} INFO - 1 downstream tasks scheduled from follow-on schedule check
[2026-03-28T08:00:01.176+0000] {local_task_job_runner.py:222} INFO - ::endgroup::
