[2026-03-28T07:12:59.203+0000] {local_task_job_runner.py:120} INFO - ::group::Pre task execution logs
[2026-03-28T07:12:59.224+0000] {taskinstance.py:2076} INFO - Dependencies all met for dep_context=non-requeueable deps ti=<TaskInstance: movie_ratings_pipeline.split_record manual__2026-03-28T07:12:56.352487+00:00 [queued]>
[2026-03-28T07:12:59.229+0000] {taskinstance.py:2076} INFO - Dependencies all met for dep_context=requeueable deps ti=<TaskInstance: movie_ratings_pipeline.split_record manual__2026-03-28T07:12:56.352487+00:00 [queued]>
[2026-03-28T07:12:59.230+0000] {taskinstance.py:2306} INFO - Starting attempt 1 of 2
[2026-03-28T07:12:59.237+0000] {taskinstance.py:2330} INFO - Executing <Task(PythonOperator): split_record> on 2026-03-28 07:12:56.352487+00:00
[2026-03-28T07:12:59.241+0000] {standard_task_runner.py:63} INFO - Started process 228 to run task
[2026-03-28T07:12:59.243+0000] {standard_task_runner.py:90} INFO - Running: ['***', 'tasks', 'run', 'movie_ratings_pipeline', 'split_record', 'manual__2026-03-28T07:12:56.352487+00:00', '--job-id', '10', '--raw', '--subdir', 'DAGS_FOLDER/pipeline_dag.py', '--cfg-path', '/tmp/tmpxi6hizi9']
[2026-03-28T07:12:59.245+0000] {standard_task_runner.py:91} INFO - Job 10: Subtask split_record
[2026-03-28T07:12:59.313+0000] {task_command.py:426} INFO - Running <TaskInstance: movie_ratings_pipeline.split_record manual__2026-03-28T07:12:56.352487+00:00 [running]> on host e95f35fcf722
[2026-03-28T07:12:59.377+0000] {taskinstance.py:2648} INFO - Exporting env vars: AIRFLOW_CTX_DAG_OWNER='***' AIRFLOW_CTX_DAG_ID='movie_ratings_pipeline' AIRFLOW_CTX_TASK_ID='split_record' AIRFLOW_CTX_EXECUTION_DATE='2026-03-28T07:12:56.352487+00:00' AIRFLOW_CTX_TRY_NUMBER='1' AIRFLOW_CTX_DAG_RUN_ID='manual__2026-03-28T07:12:56.352487+00:00'
[2026-03-28T07:12:59.378+0000] {taskinstance.py:430} INFO - ::endgroup::
[2026-03-28T07:12:59.404+0000] {logging_mixin.py:188} INFO - [Issue Found?] Yes  ->  850 row(s) contain null values
[2026-03-28T07:12:59.409+0000] {logging_mixin.py:188} INFO -   Clean rows : 950
[2026-03-28T07:12:59.409+0000] {logging_mixin.py:188} INFO -   Error rows : 850
[2026-03-28T07:12:59.432+0000] {logging_mixin.py:188} INFO -   Saved → /opt/***/output/clean.parquet  (950 rows)
[2026-03-28T07:12:59.449+0000] {logging_mixin.py:188} INFO -   Saved → /opt/***/output/errors.parquet  (850 rows)
[2026-03-28T07:12:59.450+0000] {python.py:237} INFO - Done. Returned value was: None
[2026-03-28T07:12:59.451+0000] {taskinstance.py:441} INFO - ::group::Post task execution logs
[2026-03-28T07:12:59.460+0000] {taskinstance.py:1206} INFO - Marking task as SUCCESS. dag_id=movie_ratings_pipeline, task_id=split_record, run_id=manual__2026-03-28T07:12:56.352487+00:00, execution_date=20260328T071256, start_date=20260328T071259, end_date=20260328T071259
[2026-03-28T07:12:59.498+0000] {local_task_job_runner.py:240} INFO - Task exited with return code 0
[2026-03-28T07:12:59.510+0000] {taskinstance.py:3498} INFO - 0 downstream tasks scheduled from follow-on schedule check
[2026-03-28T07:12:59.513+0000] {local_task_job_runner.py:222} INFO - ::endgroup::
