[2026-03-28T08:31:12.179+0000] {local_task_job_runner.py:120} INFO - ::group::Pre task execution logs
[2026-03-28T08:31:12.210+0000] {taskinstance.py:2076} INFO - Dependencies all met for dep_context=non-requeueable deps ti=<TaskInstance: movie_ratings_pipeline.check_input manual__2026-03-28T08:31:11.249076+00:00 [queued]>
[2026-03-28T08:31:12.216+0000] {taskinstance.py:2076} INFO - Dependencies all met for dep_context=requeueable deps ti=<TaskInstance: movie_ratings_pipeline.check_input manual__2026-03-28T08:31:11.249076+00:00 [queued]>
[2026-03-28T08:31:12.217+0000] {taskinstance.py:2306} INFO - Starting attempt 1 of 2
[2026-03-28T08:31:12.225+0000] {taskinstance.py:2330} INFO - Executing <Task(PythonOperator): check_input> on 2026-03-28 08:31:11.249076+00:00
[2026-03-28T08:31:12.230+0000] {standard_task_runner.py:63} INFO - Started process 1292 to run task
[2026-03-28T08:31:12.233+0000] {standard_task_runner.py:90} INFO - Running: ['***', 'tasks', 'run', 'movie_ratings_pipeline', 'check_input', 'manual__2026-03-28T08:31:11.249076+00:00', '--job-id', '38', '--raw', '--subdir', 'DAGS_FOLDER/pipeline_dag.py', '--cfg-path', '/tmp/tmpe7fwk26j']
[2026-03-28T08:31:12.236+0000] {standard_task_runner.py:91} INFO - Job 38: Subtask check_input
[2026-03-28T08:31:12.285+0000] {task_command.py:426} INFO - Running <TaskInstance: movie_ratings_pipeline.check_input manual__2026-03-28T08:31:11.249076+00:00 [running]> on host e95f35fcf722
[2026-03-28T08:31:12.353+0000] {taskinstance.py:2648} INFO - Exporting env vars: AIRFLOW_CTX_DAG_OWNER='***' AIRFLOW_CTX_DAG_ID='movie_ratings_pipeline' AIRFLOW_CTX_TASK_ID='check_input' AIRFLOW_CTX_EXECUTION_DATE='2026-03-28T08:31:11.249076+00:00' AIRFLOW_CTX_TRY_NUMBER='1' AIRFLOW_CTX_DAG_RUN_ID='manual__2026-03-28T08:31:11.249076+00:00'
[2026-03-28T08:31:12.354+0000] {taskinstance.py:430} INFO - ::endgroup::
[2026-03-28T08:31:12.367+0000] {pipeline_dag.py:48} INFO - ==================================================
[2026-03-28T08:31:12.368+0000] {pipeline_dag.py:49} INFO - TASK: check_input
[2026-03-28T08:31:12.368+0000] {pipeline_dag.py:50} INFO - ==================================================
[2026-03-28T08:31:12.368+0000] {pipeline_dag.py:51} INFO - INPUT PATH : /opt/***/data/movie_ratings.csv
[2026-03-28T08:31:12.384+0000] {pipeline_dag.py:53} INFO - Total rows    : 1,800
[2026-03-28T08:31:12.384+0000] {pipeline_dag.py:54} INFO - Total columns : 6
[2026-03-28T08:31:12.384+0000] {pipeline_dag.py:55} INFO - Columns       : ['Unnamed: 0', 'movie', 'year', 'imdb', 'metascore', 'votes']
[2026-03-28T08:31:12.387+0000] {pipeline_dag.py:57} INFO - Null count per column:
[2026-03-28T08:31:12.387+0000] {pipeline_dag.py:59} INFO -   Unnamed: 0: 0
[2026-03-28T08:31:12.387+0000] {pipeline_dag.py:59} INFO -   movie: 0
[2026-03-28T08:31:12.388+0000] {pipeline_dag.py:59} INFO -   year: 0
[2026-03-28T08:31:12.388+0000] {pipeline_dag.py:59} INFO -   imdb: 0
[2026-03-28T08:31:12.388+0000] {pipeline_dag.py:59} INFO -   metascore: 850
[2026-03-28T08:31:12.388+0000] {pipeline_dag.py:59} INFO -   votes: 0
[2026-03-28T08:31:12.389+0000] {pipeline_dag.py:62} INFO - Rows with null : 850
[2026-03-28T08:31:12.389+0000] {pipeline_dag.py:63} INFO - Issue found   : True
[2026-03-28T08:31:12.402+0000] {python.py:237} INFO - Done. Returned value was: None
[2026-03-28T08:31:12.403+0000] {taskinstance.py:441} INFO - ::group::Post task execution logs
[2026-03-28T08:31:12.410+0000] {taskinstance.py:1206} INFO - Marking task as SUCCESS. dag_id=movie_ratings_pipeline, task_id=check_input, run_id=manual__2026-03-28T08:31:11.249076+00:00, execution_date=20260328T083111, start_date=20260328T083112, end_date=20260328T083112
[2026-03-28T08:31:12.446+0000] {local_task_job_runner.py:240} INFO - Task exited with return code 0
[2026-03-28T08:31:12.464+0000] {taskinstance.py:3498} INFO - 1 downstream tasks scheduled from follow-on schedule check
[2026-03-28T08:31:12.466+0000] {local_task_job_runner.py:222} INFO - ::endgroup::
