[2026-03-28T07:13:47.617+0000] {local_task_job_runner.py:120} INFO - ::group::Pre task execution logs
[2026-03-28T07:13:47.641+0000] {taskinstance.py:2076} INFO - Dependencies all met for dep_context=non-requeueable deps ti=<TaskInstance: movie_ratings_pipeline.split_record manual__2026-03-28T07:13:44.273834+00:00 [queued]>
[2026-03-28T07:13:47.647+0000] {taskinstance.py:2076} INFO - Dependencies all met for dep_context=requeueable deps ti=<TaskInstance: movie_ratings_pipeline.split_record manual__2026-03-28T07:13:44.273834+00:00 [queued]>
[2026-03-28T07:13:47.649+0000] {taskinstance.py:2306} INFO - Starting attempt 1 of 2
[2026-03-28T07:13:47.658+0000] {taskinstance.py:2330} INFO - Executing <Task(PythonOperator): split_record> on 2026-03-28 07:13:44.273834+00:00
[2026-03-28T07:13:47.663+0000] {standard_task_runner.py:63} INFO - Started process 253 to run task
[2026-03-28T07:13:47.666+0000] {standard_task_runner.py:90} INFO - Running: ['***', 'tasks', 'run', 'movie_ratings_pipeline', 'split_record', 'manual__2026-03-28T07:13:44.273834+00:00', '--job-id', '13', '--raw', '--subdir', 'DAGS_FOLDER/pipeline_dag.py', '--cfg-path', '/tmp/tmpwg8fmbt8']
[2026-03-28T07:13:47.669+0000] {standard_task_runner.py:91} INFO - Job 13: Subtask split_record
[2026-03-28T07:13:47.728+0000] {task_command.py:426} INFO - Running <TaskInstance: movie_ratings_pipeline.split_record manual__2026-03-28T07:13:44.273834+00:00 [running]> on host e95f35fcf722
[2026-03-28T07:13:47.792+0000] {taskinstance.py:2648} INFO - Exporting env vars: AIRFLOW_CTX_DAG_OWNER='***' AIRFLOW_CTX_DAG_ID='movie_ratings_pipeline' AIRFLOW_CTX_TASK_ID='split_record' AIRFLOW_CTX_EXECUTION_DATE='2026-03-28T07:13:44.273834+00:00' AIRFLOW_CTX_TRY_NUMBER='1' AIRFLOW_CTX_DAG_RUN_ID='manual__2026-03-28T07:13:44.273834+00:00'
[2026-03-28T07:13:47.793+0000] {taskinstance.py:430} INFO - ::endgroup::
[2026-03-28T07:13:47.811+0000] {logging_mixin.py:188} INFO - [Issue Found?] Yes  ->  850 row(s) contain null values
[2026-03-28T07:13:47.813+0000] {logging_mixin.py:188} INFO -   Clean rows : 950
[2026-03-28T07:13:47.813+0000] {logging_mixin.py:188} INFO -   Error rows : 850
[2026-03-28T07:13:47.834+0000] {logging_mixin.py:188} INFO -   Saved → /opt/***/output/clean.parquet  (950 rows)
[2026-03-28T07:13:47.843+0000] {logging_mixin.py:188} INFO -   Saved → /opt/***/output/errors.parquet  (850 rows)
[2026-03-28T07:13:47.844+0000] {python.py:237} INFO - Done. Returned value was: None
[2026-03-28T07:13:47.844+0000] {taskinstance.py:441} INFO - ::group::Post task execution logs
[2026-03-28T07:13:47.852+0000] {taskinstance.py:1206} INFO - Marking task as SUCCESS. dag_id=movie_ratings_pipeline, task_id=split_record, run_id=manual__2026-03-28T07:13:44.273834+00:00, execution_date=20260328T071344, start_date=20260328T071347, end_date=20260328T071347
[2026-03-28T07:13:47.879+0000] {local_task_job_runner.py:240} INFO - Task exited with return code 0
[2026-03-28T07:13:47.891+0000] {taskinstance.py:3498} INFO - 0 downstream tasks scheduled from follow-on schedule check
[2026-03-28T07:13:47.893+0000] {local_task_job_runner.py:222} INFO - ::endgroup::
