[2026-03-28T08:00:03.390+0000] {local_task_job_runner.py:120} INFO - ::group::Pre task execution logs
[2026-03-28T08:00:03.411+0000] {taskinstance.py:2076} INFO - Dependencies all met for dep_context=non-requeueable deps ti=<TaskInstance: movie_ratings_pipeline.split_record scheduled__2026-03-27T08:00:00+00:00 [queued]>
[2026-03-28T08:00:03.417+0000] {taskinstance.py:2076} INFO - Dependencies all met for dep_context=requeueable deps ti=<TaskInstance: movie_ratings_pipeline.split_record scheduled__2026-03-27T08:00:00+00:00 [queued]>
[2026-03-28T08:00:03.418+0000] {taskinstance.py:2306} INFO - Starting attempt 1 of 2
[2026-03-28T08:00:03.427+0000] {taskinstance.py:2330} INFO - Executing <Task(PythonOperator): split_record> on 2026-03-27 08:00:00+00:00
[2026-03-28T08:00:03.431+0000] {standard_task_runner.py:63} INFO - Started process 839 to run task
[2026-03-28T08:00:03.433+0000] {standard_task_runner.py:90} INFO - Running: ['***', 'tasks', 'run', 'movie_ratings_pipeline', 'split_record', 'scheduled__2026-03-27T08:00:00+00:00', '--job-id', '22', '--raw', '--subdir', 'DAGS_FOLDER/pipeline_dag.py', '--cfg-path', '/tmp/tmp6msntupz']
[2026-03-28T08:00:03.435+0000] {standard_task_runner.py:91} INFO - Job 22: Subtask split_record
[2026-03-28T08:00:03.478+0000] {task_command.py:426} INFO - Running <TaskInstance: movie_ratings_pipeline.split_record scheduled__2026-03-27T08:00:00+00:00 [running]> on host e95f35fcf722
[2026-03-28T08:00:03.538+0000] {taskinstance.py:2648} INFO - Exporting env vars: AIRFLOW_CTX_DAG_OWNER='***' AIRFLOW_CTX_DAG_ID='movie_ratings_pipeline' AIRFLOW_CTX_TASK_ID='split_record' AIRFLOW_CTX_EXECUTION_DATE='2026-03-27T08:00:00+00:00' AIRFLOW_CTX_TRY_NUMBER='1' AIRFLOW_CTX_DAG_RUN_ID='scheduled__2026-03-27T08:00:00+00:00'
[2026-03-28T08:00:03.539+0000] {taskinstance.py:430} INFO - ::endgroup::
[2026-03-28T08:00:03.555+0000] {logging_mixin.py:188} INFO - [Issue Found?] Yes  ->  850 row(s) contain null values
[2026-03-28T08:00:03.556+0000] {logging_mixin.py:188} INFO -   Clean rows : 950
[2026-03-28T08:00:03.557+0000] {logging_mixin.py:188} INFO -   Error rows : 850
[2026-03-28T08:00:03.578+0000] {logging_mixin.py:188} INFO -   Saved → /opt/***/output/clean.parquet  (950 rows)
[2026-03-28T08:00:03.587+0000] {logging_mixin.py:188} INFO -   Saved → /opt/***/output/errors.parquet  (850 rows)
[2026-03-28T08:00:03.587+0000] {python.py:237} INFO - Done. Returned value was: None
[2026-03-28T08:00:03.587+0000] {taskinstance.py:441} INFO - ::group::Post task execution logs
[2026-03-28T08:00:03.595+0000] {taskinstance.py:1206} INFO - Marking task as SUCCESS. dag_id=movie_ratings_pipeline, task_id=split_record, run_id=scheduled__2026-03-27T08:00:00+00:00, execution_date=20260327T080000, start_date=20260328T080003, end_date=20260328T080003
[2026-03-28T08:00:03.607+0000] {local_task_job_runner.py:240} INFO - Task exited with return code 0
[2026-03-28T08:00:03.618+0000] {taskinstance.py:3498} INFO - 0 downstream tasks scheduled from follow-on schedule check
[2026-03-28T08:00:03.621+0000] {local_task_job_runner.py:222} INFO - ::endgroup::
