[2026-03-28T08:26:11.747+0000] {local_task_job_runner.py:120} INFO - ::group::Pre task execution logs
[2026-03-28T08:26:11.803+0000] {taskinstance.py:2076} INFO - Dependencies all met for dep_context=non-requeueable deps ti=<TaskInstance: movie_ratings_pipeline.split_record manual__2026-03-28T08:26:07.392630+00:00 [queued]>
[2026-03-28T08:26:11.813+0000] {taskinstance.py:2076} INFO - Dependencies all met for dep_context=requeueable deps ti=<TaskInstance: movie_ratings_pipeline.split_record manual__2026-03-28T08:26:07.392630+00:00 [queued]>
[2026-03-28T08:26:11.814+0000] {taskinstance.py:2306} INFO - Starting attempt 1 of 2
[2026-03-28T08:26:11.827+0000] {taskinstance.py:2330} INFO - Executing <Task(PythonOperator): split_record> on 2026-03-28 08:26:07.392630+00:00
[2026-03-28T08:26:11.832+0000] {standard_task_runner.py:63} INFO - Started process 1218 to run task
[2026-03-28T08:26:11.836+0000] {standard_task_runner.py:90} INFO - Running: ['***', 'tasks', 'run', 'movie_ratings_pipeline', 'split_record', 'manual__2026-03-28T08:26:07.392630+00:00', '--job-id', '37', '--raw', '--subdir', 'DAGS_FOLDER/pipeline_dag.py', '--cfg-path', '/tmp/tmpxz95fz59']
[2026-03-28T08:26:11.839+0000] {standard_task_runner.py:91} INFO - Job 37: Subtask split_record
[2026-03-28T08:26:11.906+0000] {task_command.py:426} INFO - Running <TaskInstance: movie_ratings_pipeline.split_record manual__2026-03-28T08:26:07.392630+00:00 [running]> on host e95f35fcf722
[2026-03-28T08:26:11.984+0000] {taskinstance.py:2648} INFO - Exporting env vars: AIRFLOW_CTX_DAG_OWNER='***' AIRFLOW_CTX_DAG_ID='movie_ratings_pipeline' AIRFLOW_CTX_TASK_ID='split_record' AIRFLOW_CTX_EXECUTION_DATE='2026-03-28T08:26:07.392630+00:00' AIRFLOW_CTX_TRY_NUMBER='1' AIRFLOW_CTX_DAG_RUN_ID='manual__2026-03-28T08:26:07.392630+00:00'
[2026-03-28T08:26:11.985+0000] {taskinstance.py:430} INFO - ::endgroup::
[2026-03-28T08:26:11.995+0000] {pipeline_dag.py:90} INFO - ==================================================
[2026-03-28T08:26:11.996+0000] {pipeline_dag.py:91} INFO - TASK: split_record
[2026-03-28T08:26:11.997+0000] {pipeline_dag.py:92} INFO - ==================================================
[2026-03-28T08:26:12.011+0000] {pipeline_dag.py:95} INFO - INPUT        : /opt/***/data/movie_ratings.csv  (1,800 rows)
[2026-03-28T08:26:12.012+0000] {pipeline_dag.py:96} INFO - Rows with null: 850
[2026-03-28T08:26:12.018+0000] {pipeline_dag.py:99} INFO - Clean rows   : 950
[2026-03-28T08:26:12.019+0000] {pipeline_dag.py:100} INFO - Error rows   : 850
[2026-03-28T08:26:12.083+0000] {pipeline_dag.py:45} INFO -   Saved -> /opt/***/output/clean.parquet  (950 rows)
[2026-03-28T08:26:12.101+0000] {pipeline_dag.py:45} INFO -   Saved -> /opt/***/output/errors.parquet  (850 rows)
[2026-03-28T08:26:12.102+0000] {pipeline_dag.py:105} INFO - OUTPUT clean  : /opt/***/output/clean.parquet
[2026-03-28T08:26:12.103+0000] {pipeline_dag.py:106} INFO - OUTPUT errors : /opt/***/output/errors.parquet
[2026-03-28T08:26:12.103+0000] {python.py:237} INFO - Done. Returned value was: None
[2026-03-28T08:26:12.104+0000] {taskinstance.py:441} INFO - ::group::Post task execution logs
[2026-03-28T08:26:12.115+0000] {taskinstance.py:1206} INFO - Marking task as SUCCESS. dag_id=movie_ratings_pipeline, task_id=split_record, run_id=manual__2026-03-28T08:26:07.392630+00:00, execution_date=20260328T082607, start_date=20260328T082611, end_date=20260328T082612
[2026-03-28T08:26:12.170+0000] {local_task_job_runner.py:240} INFO - Task exited with return code 0
[2026-03-28T08:26:12.187+0000] {taskinstance.py:3498} INFO - 0 downstream tasks scheduled from follow-on schedule check
[2026-03-28T08:26:12.190+0000] {local_task_job_runner.py:222} INFO - ::endgroup::
