[2026-03-28T07:07:14.415+0000] {local_task_job_runner.py:120} INFO - ::group::Pre task execution logs
[2026-03-28T07:07:14.436+0000] {taskinstance.py:2076} INFO - Dependencies all met for dep_context=non-requeueable deps ti=<TaskInstance: movie_ratings_pipeline.issue_found scheduled__2026-03-26T08:00:00+00:00 [queued]>
[2026-03-28T07:07:14.442+0000] {taskinstance.py:2076} INFO - Dependencies all met for dep_context=requeueable deps ti=<TaskInstance: movie_ratings_pipeline.issue_found scheduled__2026-03-26T08:00:00+00:00 [queued]>
[2026-03-28T07:07:14.442+0000] {taskinstance.py:2306} INFO - Starting attempt 1 of 2
[2026-03-28T07:07:14.450+0000] {taskinstance.py:2330} INFO - Executing <Task(BranchPythonOperator): issue_found> on 2026-03-26 08:00:00+00:00
[2026-03-28T07:07:14.455+0000] {standard_task_runner.py:63} INFO - Started process 187 to run task
[2026-03-28T07:07:14.458+0000] {standard_task_runner.py:90} INFO - Running: ['***', 'tasks', 'run', 'movie_ratings_pipeline', 'issue_found', 'scheduled__2026-03-26T08:00:00+00:00', '--job-id', '3', '--raw', '--subdir', 'DAGS_FOLDER/pipeline_dag.py', '--cfg-path', '/tmp/tmpam6rvovx']
[2026-03-28T07:07:14.460+0000] {standard_task_runner.py:91} INFO - Job 3: Subtask issue_found
[2026-03-28T07:07:14.511+0000] {task_command.py:426} INFO - Running <TaskInstance: movie_ratings_pipeline.issue_found scheduled__2026-03-26T08:00:00+00:00 [running]> on host 4dbec7919691
[2026-03-28T07:07:14.580+0000] {taskinstance.py:2648} INFO - Exporting env vars: AIRFLOW_CTX_DAG_OWNER='***' AIRFLOW_CTX_DAG_ID='movie_ratings_pipeline' AIRFLOW_CTX_TASK_ID='issue_found' AIRFLOW_CTX_EXECUTION_DATE='2026-03-26T08:00:00+00:00' AIRFLOW_CTX_TRY_NUMBER='1' AIRFLOW_CTX_DAG_RUN_ID='scheduled__2026-03-26T08:00:00+00:00'
[2026-03-28T07:07:14.583+0000] {taskinstance.py:430} INFO - ::endgroup::
[2026-03-28T07:07:14.594+0000] {baseoperator.py:399} WARNING - BranchPythonOperator.execute cannot be called outside TaskInstance!
[2026-03-28T07:07:14.607+0000] {python.py:237} INFO - Done. Returned value was: split_record
[2026-03-28T07:07:14.609+0000] {branch.py:36} INFO - Branch into split_record
[2026-03-28T07:07:14.610+0000] {skipmixin.py:178} INFO - Following branch split_record
[2026-03-28T07:07:14.627+0000] {skipmixin.py:246} INFO - Skipping tasks [('convert_to_parquet', -1)]
[2026-03-28T07:07:14.648+0000] {taskinstance.py:441} INFO - ::group::Post task execution logs
[2026-03-28T07:07:14.665+0000] {taskinstance.py:1206} INFO - Marking task as SUCCESS. dag_id=movie_ratings_pipeline, task_id=issue_found, run_id=scheduled__2026-03-26T08:00:00+00:00, execution_date=20260326T080000, start_date=20260328T070714, end_date=20260328T070714
[2026-03-28T07:07:14.711+0000] {local_task_job_runner.py:240} INFO - Task exited with return code 0
[2026-03-28T07:07:14.732+0000] {taskinstance.py:3498} INFO - 1 downstream tasks scheduled from follow-on schedule check
[2026-03-28T07:07:14.736+0000] {local_task_job_runner.py:222} INFO - ::endgroup::
[2026-03-28T07:11:42.697+0000] {local_task_job_runner.py:120} INFO - ::group::Pre task execution logs
[2026-03-28T07:11:42.724+0000] {taskinstance.py:2076} INFO - Dependencies all met for dep_context=non-requeueable deps ti=<TaskInstance: movie_ratings_pipeline.issue_found scheduled__2026-03-26T08:00:00+00:00 [queued]>
[2026-03-28T07:11:42.730+0000] {taskinstance.py:2076} INFO - Dependencies all met for dep_context=requeueable deps ti=<TaskInstance: movie_ratings_pipeline.issue_found scheduled__2026-03-26T08:00:00+00:00 [queued]>
[2026-03-28T07:11:42.731+0000] {taskinstance.py:2306} INFO - Starting attempt 1 of 2
[2026-03-28T07:11:42.742+0000] {taskinstance.py:2330} INFO - Executing <Task(BranchPythonOperator): issue_found> on 2026-03-26 08:00:00+00:00
[2026-03-28T07:11:42.747+0000] {standard_task_runner.py:63} INFO - Started process 187 to run task
[2026-03-28T07:11:42.752+0000] {standard_task_runner.py:90} INFO - Running: ['***', 'tasks', 'run', 'movie_ratings_pipeline', 'issue_found', 'scheduled__2026-03-26T08:00:00+00:00', '--job-id', '3', '--raw', '--subdir', 'DAGS_FOLDER/pipeline_dag.py', '--cfg-path', '/tmp/tmpf6n975go']
[2026-03-28T07:11:42.754+0000] {standard_task_runner.py:91} INFO - Job 3: Subtask issue_found
[2026-03-28T07:11:42.824+0000] {task_command.py:426} INFO - Running <TaskInstance: movie_ratings_pipeline.issue_found scheduled__2026-03-26T08:00:00+00:00 [running]> on host e95f35fcf722
[2026-03-28T07:11:42.897+0000] {taskinstance.py:2648} INFO - Exporting env vars: AIRFLOW_CTX_DAG_OWNER='***' AIRFLOW_CTX_DAG_ID='movie_ratings_pipeline' AIRFLOW_CTX_TASK_ID='issue_found' AIRFLOW_CTX_EXECUTION_DATE='2026-03-26T08:00:00+00:00' AIRFLOW_CTX_TRY_NUMBER='1' AIRFLOW_CTX_DAG_RUN_ID='scheduled__2026-03-26T08:00:00+00:00'
[2026-03-28T07:11:42.898+0000] {taskinstance.py:430} INFO - ::endgroup::
[2026-03-28T07:11:42.908+0000] {baseoperator.py:399} WARNING - BranchPythonOperator.execute cannot be called outside TaskInstance!
[2026-03-28T07:11:42.919+0000] {python.py:237} INFO - Done. Returned value was: split_record
[2026-03-28T07:11:42.920+0000] {branch.py:36} INFO - Branch into split_record
[2026-03-28T07:11:42.920+0000] {skipmixin.py:178} INFO - Following branch split_record
[2026-03-28T07:11:42.937+0000] {skipmixin.py:246} INFO - Skipping tasks [('convert_to_parquet', -1)]
[2026-03-28T07:11:42.958+0000] {taskinstance.py:441} INFO - ::group::Post task execution logs
[2026-03-28T07:11:42.976+0000] {taskinstance.py:1206} INFO - Marking task as SUCCESS. dag_id=movie_ratings_pipeline, task_id=issue_found, run_id=scheduled__2026-03-26T08:00:00+00:00, execution_date=20260326T080000, start_date=20260328T071142, end_date=20260328T071142
[2026-03-28T07:11:43.003+0000] {local_task_job_runner.py:240} INFO - Task exited with return code 0
[2026-03-28T07:11:43.024+0000] {taskinstance.py:3498} INFO - 1 downstream tasks scheduled from follow-on schedule check
[2026-03-28T07:11:43.027+0000] {local_task_job_runner.py:222} INFO - ::endgroup::
