[2026-03-28T07:07:10.754+0000] {manager.py:470} INFO - Processing files using up to 2 processes at a time 
[2026-03-28T07:07:10.755+0000] {manager.py:471} INFO - Process each file at most once every 30 seconds
[2026-03-28T07:07:10.756+0000] {manager.py:472} INFO - Checking for new files in /opt/airflow/dags every 300 seconds
[2026-03-28T07:07:10.757+0000] {manager.py:737} INFO - Searching for files in /opt/airflow/dags
[2026-03-28T07:07:10.785+0000] {manager.py:740} INFO - There are 1 files in /opt/airflow/dags
[2026-03-28T07:07:10.869+0000] {manager.py:878} INFO - 
================================================================================
DAG File Processing Stats

File Path                            PID  Runtime      # DAGs    # Errors  Last Runtime    Last Run
---------------------------------  -----  ---------  --------  ----------  --------------  ----------
/opt/airflow/dags/pipeline_dag.py    176  0.04s             0           0
================================================================================
[2026-03-28T07:07:41.021+0000] {manager.py:878} INFO - 
================================================================================
DAG File Processing Stats

File Path                          PID    Runtime      # DAGs    # Errors  Last Runtime    Last Run
---------------------------------  -----  ---------  --------  ----------  --------------  -------------------
/opt/airflow/dags/pipeline_dag.py                           1           0  1.35s           2026-03-28T07:07:12
================================================================================
[2026-03-28T07:08:11.537+0000] {manager.py:878} INFO - 
================================================================================
DAG File Processing Stats

File Path                          PID    Runtime      # DAGs    # Errors  Last Runtime    Last Run
---------------------------------  -----  ---------  --------  ----------  --------------  -------------------
/opt/airflow/dags/pipeline_dag.py                           1           0  0.45s           2026-03-28T07:07:42
================================================================================
[2026-03-28T07:08:41.666+0000] {manager.py:878} INFO - 
================================================================================
DAG File Processing Stats

File Path                          PID    Runtime      # DAGs    # Errors  Last Runtime    Last Run
---------------------------------  -----  ---------  --------  ----------  --------------  -------------------
/opt/airflow/dags/pipeline_dag.py                           1           0  0.47s           2026-03-28T07:08:13
================================================================================
[2026-03-28T07:09:11.868+0000] {manager.py:878} INFO - 
================================================================================
DAG File Processing Stats

File Path                          PID    Runtime      # DAGs    # Errors  Last Runtime    Last Run
---------------------------------  -----  ---------  --------  ----------  --------------  -------------------
/opt/airflow/dags/pipeline_dag.py                           1           0  0.44s           2026-03-28T07:08:44
================================================================================
[2026-03-28T07:09:41.966+0000] {manager.py:878} INFO - 
================================================================================
DAG File Processing Stats

File Path                          PID    Runtime      # DAGs    # Errors  Last Runtime    Last Run
---------------------------------  -----  ---------  --------  ----------  --------------  -------------------
/opt/airflow/dags/pipeline_dag.py                           1           0  0.45s           2026-03-28T07:09:14
================================================================================
[2026-03-28T07:10:12.284+0000] {manager.py:878} INFO - 
================================================================================
DAG File Processing Stats

File Path                          PID    Runtime      # DAGs    # Errors  Last Runtime    Last Run
---------------------------------  -----  ---------  --------  ----------  --------------  -------------------
/opt/airflow/dags/pipeline_dag.py                           1           0  0.53s           2026-03-28T07:09:45
================================================================================
[2026-03-28T07:10:42.532+0000] {manager.py:878} INFO - 
================================================================================
DAG File Processing Stats

File Path                          PID    Runtime      # DAGs    # Errors  Last Runtime    Last Run
---------------------------------  -----  ---------  --------  ----------  --------------  -------------------
/opt/airflow/dags/pipeline_dag.py                           1           0  0.63s           2026-03-28T07:10:16
================================================================================
[2026-03-28T07:10:46.148+0000] {manager.py:452} INFO - Exiting gracefully upon receiving signal 15
