[2026-03-28T07:13:46.478+0000] {local_task_job_runner.py:120} INFO - ::group::Pre task execution logs
[2026-03-28T07:13:46.496+0000] {taskinstance.py:2076} INFO - Dependencies all met for dep_context=non-requeueable deps ti=<TaskInstance: movie_ratings_pipeline.issue_found manual__2026-03-28T07:13:44.273834+00:00 [queued]>
[2026-03-28T07:13:46.500+0000] {taskinstance.py:2076} INFO - Dependencies all met for dep_context=requeueable deps ti=<TaskInstance: movie_ratings_pipeline.issue_found manual__2026-03-28T07:13:44.273834+00:00 [queued]>
[2026-03-28T07:13:46.501+0000] {taskinstance.py:2306} INFO - Starting attempt 1 of 2
[2026-03-28T07:13:46.508+0000] {taskinstance.py:2330} INFO - Executing <Task(BranchPythonOperator): issue_found> on 2026-03-28 07:13:44.273834+00:00
[2026-03-28T07:13:46.512+0000] {standard_task_runner.py:63} INFO - Started process 250 to run task
[2026-03-28T07:13:46.514+0000] {standard_task_runner.py:90} INFO - Running: ['***', 'tasks', 'run', 'movie_ratings_pipeline', 'issue_found', 'manual__2026-03-28T07:13:44.273834+00:00', '--job-id', '12', '--raw', '--subdir', 'DAGS_FOLDER/pipeline_dag.py', '--cfg-path', '/tmp/tmp0qgutns0']
[2026-03-28T07:13:46.516+0000] {standard_task_runner.py:91} INFO - Job 12: Subtask issue_found
[2026-03-28T07:13:46.563+0000] {task_command.py:426} INFO - Running <TaskInstance: movie_ratings_pipeline.issue_found manual__2026-03-28T07:13:44.273834+00:00 [running]> on host e95f35fcf722
[2026-03-28T07:13:46.630+0000] {taskinstance.py:2648} INFO - Exporting env vars: AIRFLOW_CTX_DAG_OWNER='***' AIRFLOW_CTX_DAG_ID='movie_ratings_pipeline' AIRFLOW_CTX_TASK_ID='issue_found' AIRFLOW_CTX_EXECUTION_DATE='2026-03-28T07:13:44.273834+00:00' AIRFLOW_CTX_TRY_NUMBER='1' AIRFLOW_CTX_DAG_RUN_ID='manual__2026-03-28T07:13:44.273834+00:00'
[2026-03-28T07:13:46.631+0000] {taskinstance.py:430} INFO - ::endgroup::
[2026-03-28T07:13:46.639+0000] {baseoperator.py:399} WARNING - BranchPythonOperator.execute cannot be called outside TaskInstance!
[2026-03-28T07:13:46.648+0000] {python.py:237} INFO - Done. Returned value was: split_record
[2026-03-28T07:13:46.648+0000] {branch.py:36} INFO - Branch into split_record
[2026-03-28T07:13:46.649+0000] {skipmixin.py:178} INFO - Following branch split_record
[2026-03-28T07:13:46.661+0000] {skipmixin.py:246} INFO - Skipping tasks [('convert_to_parquet', -1)]
[2026-03-28T07:13:46.680+0000] {taskinstance.py:441} INFO - ::group::Post task execution logs
[2026-03-28T07:13:46.696+0000] {taskinstance.py:1206} INFO - Marking task as SUCCESS. dag_id=movie_ratings_pipeline, task_id=issue_found, run_id=manual__2026-03-28T07:13:44.273834+00:00, execution_date=20260328T071344, start_date=20260328T071346, end_date=20260328T071346
[2026-03-28T07:13:46.726+0000] {local_task_job_runner.py:240} INFO - Task exited with return code 0
[2026-03-28T07:13:46.743+0000] {taskinstance.py:3498} INFO - 1 downstream tasks scheduled from follow-on schedule check
[2026-03-28T07:13:46.744+0000] {local_task_job_runner.py:222} INFO - ::endgroup::
