[2026-03-28T08:31:14.254+0000] {local_task_job_runner.py:120} INFO - ::group::Pre task execution logs
[2026-03-28T08:31:14.280+0000] {taskinstance.py:2076} INFO - Dependencies all met for dep_context=non-requeueable deps ti=<TaskInstance: movie_ratings_pipeline.split_record manual__2026-03-28T08:31:11.249076+00:00 [queued]>
[2026-03-28T08:31:14.287+0000] {taskinstance.py:2076} INFO - Dependencies all met for dep_context=requeueable deps ti=<TaskInstance: movie_ratings_pipeline.split_record manual__2026-03-28T08:31:11.249076+00:00 [queued]>
[2026-03-28T08:31:14.288+0000] {taskinstance.py:2306} INFO - Starting attempt 1 of 2
[2026-03-28T08:31:14.298+0000] {taskinstance.py:2330} INFO - Executing <Task(PythonOperator): split_record> on 2026-03-28 08:31:11.249076+00:00
[2026-03-28T08:31:14.303+0000] {standard_task_runner.py:63} INFO - Started process 1298 to run task
[2026-03-28T08:31:14.306+0000] {standard_task_runner.py:90} INFO - Running: ['***', 'tasks', 'run', 'movie_ratings_pipeline', 'split_record', 'manual__2026-03-28T08:31:11.249076+00:00', '--job-id', '40', '--raw', '--subdir', 'DAGS_FOLDER/pipeline_dag.py', '--cfg-path', '/tmp/tmpwtdx09td']
[2026-03-28T08:31:14.308+0000] {standard_task_runner.py:91} INFO - Job 40: Subtask split_record
[2026-03-28T08:31:14.360+0000] {task_command.py:426} INFO - Running <TaskInstance: movie_ratings_pipeline.split_record manual__2026-03-28T08:31:11.249076+00:00 [running]> on host e95f35fcf722
[2026-03-28T08:31:14.431+0000] {taskinstance.py:2648} INFO - Exporting env vars: AIRFLOW_CTX_DAG_OWNER='***' AIRFLOW_CTX_DAG_ID='movie_ratings_pipeline' AIRFLOW_CTX_TASK_ID='split_record' AIRFLOW_CTX_EXECUTION_DATE='2026-03-28T08:31:11.249076+00:00' AIRFLOW_CTX_TRY_NUMBER='1' AIRFLOW_CTX_DAG_RUN_ID='manual__2026-03-28T08:31:11.249076+00:00'
[2026-03-28T08:31:14.432+0000] {taskinstance.py:430} INFO - ::endgroup::
[2026-03-28T08:31:14.441+0000] {pipeline_dag.py:86} INFO - ==================================================
[2026-03-28T08:31:14.442+0000] {pipeline_dag.py:87} INFO - TASK: split_record
[2026-03-28T08:31:14.442+0000] {pipeline_dag.py:88} INFO - ==================================================
[2026-03-28T08:31:14.453+0000] {pipeline_dag.py:91} INFO - INPUT        : /opt/***/data/movie_ratings.csv  (1,800 rows)
[2026-03-28T08:31:14.453+0000] {pipeline_dag.py:92} INFO - Rows with null: 850
[2026-03-28T08:31:14.457+0000] {pipeline_dag.py:94} INFO - Clean rows   : 950
[2026-03-28T08:31:14.458+0000] {pipeline_dag.py:95} INFO - Error rows   : 850
[2026-03-28T08:31:14.510+0000] {pipeline_dag.py:45} INFO -   Saved -> /opt/***/output/clean.parquet  (950 rows)
[2026-03-28T08:31:14.524+0000] {pipeline_dag.py:45} INFO -   Saved -> /opt/***/output/errors.parquet  (850 rows)
[2026-03-28T08:31:14.525+0000] {pipeline_dag.py:98} INFO - OUTPUT clean  : /opt/***/output/clean.parquet
[2026-03-28T08:31:14.525+0000] {pipeline_dag.py:99} INFO - OUTPUT errors : /opt/***/output/errors.parquet
[2026-03-28T08:31:14.526+0000] {python.py:237} INFO - Done. Returned value was: None
[2026-03-28T08:31:14.526+0000] {taskinstance.py:441} INFO - ::group::Post task execution logs
[2026-03-28T08:31:14.534+0000] {taskinstance.py:1206} INFO - Marking task as SUCCESS. dag_id=movie_ratings_pipeline, task_id=split_record, run_id=manual__2026-03-28T08:31:11.249076+00:00, execution_date=20260328T083111, start_date=20260328T083114, end_date=20260328T083114
[2026-03-28T08:31:14.558+0000] {local_task_job_runner.py:240} INFO - Task exited with return code 0
[2026-03-28T08:31:14.581+0000] {taskinstance.py:3498} INFO - 1 downstream tasks scheduled from follow-on schedule check
[2026-03-28T08:31:14.584+0000] {local_task_job_runner.py:222} INFO - ::endgroup::
